Product: MDK-ARM Professional 5.10
Component: ARM Compiler 5.04 update 1 (build 49)
Tool: armlink [5040049]

==============================================================================

Section Cross References

    main.o(.text) refers to _printf_percent.o(.ARM.Collect$$_printf_percent$$00000000) for _printf_percent
    main.o(.text) refers to _printf_d.o(.ARM.Collect$$_printf_percent$$00000009) for _printf_d
    main.o(.text) refers to _printf_dec.o(.text) for _printf_int_dec
    main.o(.text) refers to delay.o(.text) for delay_init
    main.o(.text) refers to sys.o(.text) for NVIC_Configuration
    main.o(.text) refers to usart.o(.text) for UART_init
    main.o(.text) refers to led.o(.text) for LED_Init
    main.o(.text) refers to key.o(.text) for KEY_Init
    main.o(.text) refers to remote.o(.text) for REMOTE_Init
    main.o(.text) refers to voice.o(.text) for VOICE_Init
    main.o(.text) refers to power5v.o(.text) for POWER5V_Init
    main.o(.text) refers to rtc.o(.text) for RTC_Init
    main.o(.text) refers to sensor.o(.text) for SENSOR_Init
    main.o(.text) refers to motor_side.o(.text) for MOTOR_SIDE_Init
    main.o(.text) refers to motor_fan.o(.text) for MOTOR_FAN_Init
    main.o(.text) refers to motor_move.o(.text) for MOTOR_MOVE_Init
    main.o(.text) refers to stm32f10x_tim.o(.text) for TIM_CtrlPWMOutputs
    main.o(.text) refers to charger.o(.text) for CHARGER_Init
    main.o(.text) refers to noretval__2printf.o(.text) for __2printf
    main.o(.text) refers to stm32f10x_exti.o(.text) for EXTI_GetFlagStatus
    main.o(.text) refers to stm32f10x_rtc.o(.text) for RTC_EnterConfigMode
    main.o(.text) refers to main.o(.data) for led_code
    main.o(.text) refers to rtc.o(.bss) for RTC_Calendar
    main.o(.text) refers to main.o(.bss) for sensor_val
    system_stm32f10x.o(.text) refers to system_stm32f10x.o(.data) for SystemCoreClock
    sensor.o(.text) refers to stm32f10x_adc.o(.text) for ADC_RegularChannelConfig
    sensor.o(.text) refers to delay.o(.text) for delay_ms
    sensor.o(.text) refers to stm32f10x_rcc.o(.text) for RCC_APB2PeriphClockCmd
    sensor.o(.text) refers to stm32f10x_gpio.o(.text) for GPIO_Init
    sensor.o(.text) refers to stm32f10x_tim.o(.text) for TIM_TimeBaseInit
    sensor.o(.text) refers to stm32f10x_exti.o(.text) for EXTI_Init
    sensor.o(.text) refers to misc.o(.text) for NVIC_Init
    motor_move.o(.text) refers to _printf_percent.o(.ARM.Collect$$_printf_percent$$00000000) for _printf_percent
    motor_move.o(.text) refers to _printf_d.o(.ARM.Collect$$_printf_percent$$00000009) for _printf_d
    motor_move.o(.text) refers to _printf_dec.o(.text) for _printf_int_dec
    motor_move.o(.text) refers to stm32f10x_rcc.o(.text) for RCC_APB2PeriphClockCmd
    motor_move.o(.text) refers to stm32f10x_gpio.o(.text) for GPIO_Init
    motor_move.o(.text) refers to stm32f10x_tim.o(.text) for TIM_TimeBaseInit
    motor_move.o(.text) refers to main.o(.constdata) for m_move_length_l
    motor_move.o(.text) refers to noretval__2printf.o(.text) for __2printf
    motor_move.o(.text) refers to delay.o(.text) for delay_ms
    motor_side.o(.text) refers to stm32f10x_rcc.o(.text) for RCC_APB2PeriphClockCmd
    motor_side.o(.text) refers to stm32f10x_gpio.o(.text) for GPIO_Init
    motor_fan.o(.text) refers to stm32f10x_rcc.o(.text) for RCC_APB1PeriphClockCmd
    motor_fan.o(.text) refers to stm32f10x_gpio.o(.text) for GPIO_Init
    motor_fan.o(.text) refers to stm32f10x_tim.o(.text) for TIM_TimeBaseInit
    led.o(.text) refers to stm32f10x_rcc.o(.text) for RCC_APB2PeriphClockCmd
    led.o(.text) refers to stm32f10x_gpio.o(.text) for GPIO_Init
    led.o(.text) refers to main.o(.data) for g_charge_led_horse_lamp_cnt
    remote.o(.text) refers to stm32f10x_rcc.o(.text) for RCC_APB1PeriphClockCmd
    remote.o(.text) refers to stm32f10x_tim.o(.text) for TIM_TimeBaseInit
    remote.o(.text) refers to stm32f10x_gpio.o(.text) for GPIO_EXTILineConfig
    remote.o(.text) refers to stm32f10x_exti.o(.text) for EXTI_Init
    remote.o(.text) refers to misc.o(.text) for NVIC_Init
    remote.o(.text) refers to remote.o(.data) for RmtSta
    key.o(.text) refers to stm32f10x_rcc.o(.text) for RCC_APB2PeriphClockCmd
    key.o(.text) refers to stm32f10x_gpio.o(.text) for GPIO_Init
    key.o(.text) refers to stm32f10x_exti.o(.text) for EXTI_Init
    key.o(.text) refers to misc.o(.text) for NVIC_Init
    voice.o(.text) refers to delay.o(.text) for delay_ms
    voice.o(.text) refers to stm32f10x_rcc.o(.text) for RCC_APB2PeriphClockCmd
    voice.o(.text) refers to stm32f10x_gpio.o(.text) for GPIO_Init
    power5v.o(.text) refers to stm32f10x_rcc.o(.text) for RCC_APB2PeriphClockCmd
    power5v.o(.text) refers to stm32f10x_gpio.o(.text) for GPIO_Init
    charger.o(.text) refers to stm32f10x_tim.o(.text) for TIM_CtrlPWMOutputs
    charger.o(.text) refers to stm32f10x_rcc.o(.text) for RCC_APB2PeriphClockCmd
    charger.o(.text) refers to stm32f10x_gpio.o(.text) for GPIO_Init
[...]
    ../clib/angel/sys.s                      0x00000000   Number         0  use_no_semi.o ABSOLUTE
    ../clib/angel/sys.s                      0x00000000   Number         0  libspace.o ABSOLUTE
    ../clib/angel/sys.s                      0x00000000   Number         0  indicate_semi.o ABSOLUTE
    ../clib/angel/sys.s                      0x00000000   Number         0  use_no_semi_2.o ABSOLUTE
    ../clib/angel/sysapp.c                   0x00000000   Number         0  sys_command.o ABSOLUTE
    ../clib/angel/sysapp.c                   0x00000000   Number         0  sys_wrch.o ABSOLUTE
    ../clib/armsys.c                         0x00000000   Number         0  no_argv.o ABSOLUTE
    ../clib/armsys.c                         0x00000000   Number         0  _get_argv_nomalloc.o ABSOLUTE
    ../clib/armsys.c                         0x00000000   Number         0  argv_veneer.o ABSOLUTE
    ../clib/armsys.c                         0x00000000   Number         0  argv_veneer.o ABSOLUTE
    ../clib/heapalloc.c                      0x00000000   Number         0  hrguard.o ABSOLUTE
    ../clib/heapaux.c                        0x00000000   Number         0  heapauxi.o ABSOLUTE
    ../clib/libinit.s                        0x00000000   Number         0  libshutdown.o ABSOLUTE
    ../clib/libinit.s                        0x00000000   Number         0  libinit.o ABSOLUTE
    ../clib/libinit.s                        0x00000000   Number         0  libshutdown2.o ABSOLUTE
    ../clib/libinit.s                        0x00000000   Number         0  libinit2.o ABSOLUTE
    ../clib/printf.c                         0x00000000   Number         0  _printf_dec.o ABSOLUTE
    ../clib/printf.c                         0x00000000   Number         0  __printf_flags.o ABSOLUTE
    ../clib/printf.c                         0x00000000   Number         0  __printf_ss.o ABSOLUTE
    ../clib/printf.c                         0x00000000   Number         0  noretval__2printf.o ABSOLUTE
    ../clib/printf.c                         0x00000000   Number         0  __2printf.o ABSOLUTE
    ../clib/printf.c                         0x00000000   Number         0  __printf_flags_ss.o ABSOLUTE
    ../clib/printf.c                         0x00000000   Number         0  __printf_wp.o ABSOLUTE
    ../clib/printf.c                         0x00000000   Number         0  __printf_flags_wp.o ABSOLUTE
    ../clib/printf.c                         0x00000000   Number         0  __printf.o ABSOLUTE
    ../clib/printf.c                         0x00000000   Number         0  __printf_ss_wp.o ABSOLUTE
    ../clib/printf.c                         0x00000000   Number         0  __printf_flags_ss_wp.o ABSOLUTE
    ../clib/printf.c                         0x00000000   Number         0  _printf_intcommon.o ABSOLUTE
    ../clib/printf.c                         0x00000000   Number         0  _printf_char_file.o ABSOLUTE
    ../clib/printf.c                         0x00000000   Number         0  __printf_nopercent.o ABSOLUTE
    ../clib/printf.c                         0x00000000   Number         0  _printf_char_common.o ABSOLUTE
    ../clib/printf_percent.s                 0x00000000   Number         0  _printf_percent.o ABSOLUTE
    ../clib/printf_percent.s                 0x00000000   Number         0  _printf_d.o ABSOLUTE
    ../clib/printf_percent.s                 0x00000000   Number         0  _printf_percent_end.o ABSOLUTE
    ../clib/signal.c                         0x00000000   Number         0  defsig_rtmem_outer.o ABSOLUTE
    ../clib/signal.c                         0x00000000   Number         0  defsig_exit.o ABSOLUTE
    ../clib/signal.c                         0x00000000   Number         0  __raise.o ABSOLUTE
    ../clib/signal.c                         0x00000000   Number         0  defsig_general.o ABSOLUTE
    ../clib/signal.c                         0x00000000   Number         0  defsig_abrt_inner.o ABSOLUTE
    ../clib/signal.c                         0x00000000   Number         0  defsig_fpe_inner.o ABSOLUTE
    ../clib/signal.c                         0x00000000   Number         0  defsig_rtred_inner.o ABSOLUTE
    ../clib/signal.c                         0x00000000   Number         0  defsig_stak_inner.o ABSOLUTE
    ../clib/signal.c                         0x00000000   Number         0  defsig_pvfn_inner.o ABSOLUTE
    ../clib/signal.c                         0x00000000   Number         0  defsig_rtmem_inner.o ABSOLUTE
    ../clib/signal.c                         0x00000000   Number         0  defsig_cppl_inner.o ABSOLUTE
    ../clib/signal.c                         0x00000000   Number         0  defsig_other.o ABSOLUTE
    ../clib/signal.c                         0x00000000   Number         0  defsig_rtmem_formal.o ABSOLUTE
    ../clib/signal.c                         0x00000000   Number         0  defsig_segv_inner.o ABSOLUTE
    ../clib/signal.s                         0x00000000   Number         0  defsig.o ABSOLUTE
    ../clib/stdio.c                          0x00000000   Number         0  ferror_locked.o ABSOLUTE
    ../clib/stdio.c                          0x00000000   Number         0  ferror.o ABSOLUTE
    ../clib/stdlib.c                         0x00000000   Number         0  exit.o ABSOLUTE
    ../fplib/fpinit.s                        0x00000000   Number         0  fpinit.o ABSOLUTE
    ..\CORE\core_cm3.c                       0x00000000   Number         0  core_cm3.o ABSOLUTE
    ..\CORE\startup_stm32f10x_hd.s           0x00000000   Number         0  startup_stm32f10x_hd.o ABSOLUTE
    ..\HARDWARE\CHARGER\charger.c            0x00000000   Number         0  charger.o ABSOLUTE
    ..\HARDWARE\KEY\key.c                    0x00000000   Number         0  key.o ABSOLUTE
    ..\HARDWARE\LED\led.c                    0x00000000   Number         0  led.o ABSOLUTE
    ..\HARDWARE\MOTOR_FAN\motor_fan.c        0x00000000   Number         0  motor_fan.o ABSOLUTE
    ..\HARDWARE\MOTOR_MOVE\motor_move.c      0x00000000   Number         0  motor_move.o ABSOLUTE
    ..\HARDWARE\MOTOR_SIDE\motor_side.c      0x00000000   Number         0  motor_side.o ABSOLUTE
    ..\HARDWARE\POWER5V\power5v.c            0x00000000   Number         0  power5v.o ABSOLUTE
    ..\HARDWARE\REMOTE\remote.c              0x00000000   Number         0  remote.o ABSOLUTE
    ..\HARDWARE\RTC\rtc.c                    0x00000000   Number         0  rtc.o ABSOLUTE
    ..\HARDWARE\SENSOR\sensor.c              0x00000000   Number         0  sensor.o ABSOLUTE
    ..\HARDWARE\TIMER\timer.c                0x00000000   Number         0  timer.o ABSOLUTE
    ..\HARDWARE\VOICE\voice.c                0x00000000   Number         0  voice.o ABSOLUTE
    ..\STM32F10x_FWLib\src\misc.c            0x00000000   Number         0  misc.o ABSOLUTE
    ..\STM32F10x_FWLib\src\stm32f10x_adc.c   0x00000000   Number         0  stm32f10x_adc.o ABSOLUTE
    ..\STM32F10x_FWLib\src\stm32f10x_bkp.c   0x00000000   Number         0  stm32f10x_bkp.o ABSOLUTE
    ..\STM32F10x_FWLib\src\stm32f10x_exti.c  0x00000000   Number         0  stm32f10x_exti.o ABSOLUTE
    ..\STM32F10x_FWLib\src\stm32f10x_gpio.c  0x00000000   Number         0  stm32f10x_gpio.o ABSOLUTE
    ..\STM32F10x_FWLib\src\stm32f10x_pwr.c   0x00000000   Number         0  stm32f10x_pwr.o ABSOLUTE
    ..\STM32F10x_FWLib\src\stm32f10x_rcc.c   0x00000000   Number         0  stm32f10x_rcc.o ABSOLUTE
    ..\STM32F10x_FWLib\src\stm32f10x_rtc.c   0x00000000   Number         0  stm32f10x_rtc.o ABSOLUTE
    ..\STM32F10x_FWLib\src\stm32f10x_tim.c   0x00000000   Number         0  stm32f10x_tim.o ABSOLUTE
    ..\STM32F10x_FWLib\src\stm32f10x_usart.c 0x00000000   Number         0  stm32f10x_usart.o ABSOLUTE
    ..\SYSTEM\delay\delay.c                  0x00000000   Number         0  delay.o ABSOLUTE
    ..\SYSTEM\sys\sys.c                      0x00000000   Number         0  sys.o ABSOLUTE
    ..\SYSTEM\usart\usart.c                  0x00000000   Number         0  usart.o ABSOLUTE
    ..\\CORE\\core_cm3.c                     0x00000000   Number         0  core_cm3.o ABSOLUTE
    dc.s                                     0x00000000   Number         0  dc.o ABSOLUTE
    main.c                                   0x00000000   Number         0  main.o ABSOLUTE
    stm32f10x_it.c                           0x00000000   Number         0  stm32f10x_it.o ABSOLUTE
    system_stm32f10x.c                       0x00000000   Number         0  system_stm32f10x.o ABSOLUTE
    RESET                                    0x08000000   Section      304  startup_stm32f10x_hd.o(RESET)
    !!!main                                  0x08000130   Section        8  __main.o(!!!main)
    !!!scatter                               0x08000138   Section       52  __scatter.o(!!!scatter)
    !!handler_copy                           0x0800016c   Section       26  __scatter_copy.o(!!handler_copy)
    !!handler_zi                             0x08000188   Section       28  __scatter_zi.o(!!handler_zi)
    .ARM.Collect$$_printf_percent$$00000000  0x080001a4   Section        0  _printf_percent.o(.ARM.Collect$$_printf_percent$$00000000)
    .ARM.Collect$$_printf_percent$$00000009  0x080001a4   Section        6  _printf_d.o(.ARM.Collect$$_printf_percent$$00000009)
    .ARM.Collect$$_printf_percent$$00000017  0x080001aa   Section        4  _printf_percent_end.o(.ARM.Collect$$_printf_percent$$00000017)
    .ARM.Collect$$libinit$$00000000          0x080001ae   Section        2  libinit.o(.ARM.Collect$$libinit$$00000000)
    .ARM.Collect$$libinit$$00000002          0x080001b0   Section        0  libinit2.o(.ARM.Collect$$libinit$$00000002)
    .ARM.Collect$$libinit$$00000008          0x080001b0   Section        0  libinit2.o(.ARM.Collect$$libinit$$00000008)
    .ARM.Collect$$libinit$$0000000A          0x080001b0   Section        0  libinit2.o(.ARM.Collect$$libinit$$0000000A)
    .ARM.Collect$$libinit$$0000000C          0x080001b0   Section        0  libinit2.o(.ARM.Collect$$libinit$$0000000C)
    .ARM.Collect$$libinit$$0000000F          0x080001b0   Section        0  libinit2.o(.ARM.Collect$$libinit$$0000000F)
    .ARM.Collect$$libinit$$00000011          0x080001b0   Section        0  libinit2.o(.ARM.Collect$$libinit$$00000011)
    .ARM.Collect$$libinit$$00000013          0x080001b0   Section        0  libinit2.o(.ARM.Collect$$libinit$$00000013)
    .ARM.Collect$$libinit$$00000015          0x080001b0   Section        0  libinit2.o(.ARM.Collect$$libinit$$00000015)
    .ARM.Collect$$libinit$$00000017          0x080001b0   Section        0  libinit2.o(.ARM.Collect$$libinit$$00000017)
    .ARM.Collect$$libinit$$00000019          0x080001b0   Section        0  libinit2.o(.ARM.Collect$$libinit$$00000019)
    .ARM.Collect$$libinit$$0000001B          0x080001b0   Section        0  libinit2.o(.ARM.Collect$$libinit$$0000001B)
    .ARM.Collect$$libinit$$0000001D          0x080001b0   Section        0  libinit2.o(.ARM.Collect$$libinit$$0000001D)
    .ARM.Collect$$libinit$$0000001F          0x080001b0   Section        0  libinit2.o(.ARM.Collect$$libinit$$0000001F)
    .ARM.Collect$$libinit$$00000021          0x080001b0   Section        0  libinit2.o(.ARM.Collect$$libinit$$00000021)
    .ARM.Collect$$libinit$$00000023          0x080001b0   Section        0  libinit2.o(.ARM.Collect$$libinit$$00000023)
    .ARM.Collect$$libinit$$0000002A          0x080001b0   Section        0  libinit2.o(.ARM.Collect$$libinit$$0000002A)
    .ARM.Collect$$libinit$$0000002C          0x080001b0   Section        0  libinit2.o(.ARM.Collect$$libinit$$0000002C)
    .ARM.Collect$$libinit$$0000002E          0x080001b0   Section        0  libinit2.o(.ARM.Collect$$libinit$$0000002E)
    .ARM.Collect$$libinit$$00000030          0x080001b0   Section        0  libinit2.o(.ARM.Collect$$libinit$$00000030)
    .ARM.Collect$$libinit$$00000031          0x080001b0   Section        2  libinit2.o(.ARM.Collect$$libinit$$00000031)
    .ARM.Collect$$libshutdown$$00000000      0x080001b2   Section        2  libshutdown.o(.ARM.Collect$$libshutdown$$00000000)
    .ARM.Collect$$libshutdown$$00000003      0x080001b4   Section        0  libshutdown2.o(.ARM.Collect$$libshutdown$$00000003)
    .ARM.Collect$$libshutdown$$00000006      0x080001b4   Section        0  libshutdown2.o(.ARM.Collect$$libshutdown$$00000006)
    .ARM.Collect$$libshutdown$$00000009      0x080001b4   Section        0  libshutdown2.o(.ARM.Collect$$libshutdown$$00000009)
    .ARM.Collect$$libshutdown$$0000000B      0x080001b4   Section        0  libshutdown2.o(.ARM.Collect$$libshutdown$$0000000B)
    .ARM.Collect$$libshutdown$$0000000E      0x080001b4   Section        0  libshutdown2.o(.ARM.Collect$$libshutdown$$0000000E)
    .ARM.Collect$$libshutdown$$0000000F      0x080001b4   Section        2  libshutdown2.o(.ARM.Collect$$libshutdown$$0000000F)
    .ARM.Collect$$rtentry$$00000000          0x080001b6   Section        0  rtentry.o(.ARM.Collect$$rtentry$$00000000)
    .ARM.Collect$$rtentry$$00000002          0x080001b6   Section        0  rtentry2.o(.ARM.Collect$$rtentry$$00000002)
    .ARM.Collect$$rtentry$$00000004          0x080001b6   Section        6  rtentry4.o(.ARM.Collect$$rtentry$$00000004)
    .ARM.Collect$$rtentry$$00000009          0x080001bc   Section        0  rtentry2.o(.ARM.Collect$$rtentry$$00000009)
    .ARM.Collect$$rtentry$$0000000A          0x080001bc   Section        4  rtentry2.o(.ARM.Collect$$rtentry$$0000000A)
    .ARM.Collect$$rtentry$$0000000C          0x080001c0   Section        0  rtentry2.o(.ARM.Collect$$rtentry$$0000000C)
    .ARM.Collect$$rtentry$$0000000D          0x080001c0   Section        8  rtentry2.o(.ARM.Collect$$rtentry$$0000000D)
    .ARM.Collect$$rtexit$$00000000           0x080001c8   Section        2  rtexit.o(.ARM.Collect$$rtexit$$00000000)
    .ARM.Collect$$rtexit$$00000002           0x080001ca   Section        0  rtexit2.o(.ARM.Collect$$rtexit$$00000002)
    .ARM.Collect$$rtexit$$00000003           0x080001ca   Section        4  rtexit2.o(.ARM.Collect$$rtexit$$00000003)
    .ARM.Collect$$rtexit$$00000004           0x080001ce   Section        6  rtexit2.o(.ARM.Collect$$rtexit$$00000004)
    .text                                    0x080001d4   Section        0  main.o(.text)
    .text                                    0x08001640   Section        0  stm32f10x_it.o(.text)
    .text                                    0x0800165c   Section        0  system_stm32f10x.o(.text)
    SetSysClockTo72                          0x0800165d   Thumb Code   214  system_stm32f10x.o(.text)
    SetSysClock                              0x08001733   Thumb Code     8  system_stm32f10x.o(.text)
    .text                                    0x0800183c   Section        0  sensor.o(.text)
    .text                                    0x08001bf0   Section        0  motor_move.o(.text)
    .text                                    0x080020cc   Section        0  motor_side.o(.text)
    .text                                    0x0800214c   Section        0  motor_fan.o(.text)
    .text                                    0x0800222c   Section        0  led.o(.text)
    .text                                    0x080026ac   Section        0  remote.o(.text)
    .text                                    0x08002ad4   Section        0  key.o(.text)
    .text                                    0x08002b7c   Section        0  voice.o(.text)
    .text                                    0x08002c7c   Section        0  power5v.o(.text)
    .text                                    0x08002cfc   Section        0  charger.o(.text)
    .text                                    0x08002e04   Section        0  rtc.o(.text)
    RTC_NVIC_Config                          0x08002e05   Thumb Code    34  rtc.o(.text)
    .text                                    0x08003138   Section        0  delay.o(.text)
    .text                                    0x0800320c   Section        0  sys.o(.text)
    .text                                    0x08003218   Section        0  usart.o(.text)
    .text                                    0x08003360   Section       64  startup_stm32f10x_hd.o(.text)
    .text                                    0x080033a0   Section        0  misc.o(.text)
    .text                                    0x0800347c   Section        0  stm32f10x_gpio.o(.text)
    .text                                    0x080037d8   Section        0  stm32f10x_rcc.o(.text)
    .text                                    0x08003b7c   Section        0  stm32f10x_tim.o(.text)
    TI4_Config                               0x08004023   Thumb Code   130  stm32f10x_tim.o(.text)
    TI3_Config                               0x080040b7   Thumb Code   122  stm32f10x_tim.o(.text)
    TI2_Config                               0x0800414b   Thumb Code   130  stm32f10x_tim.o(.text)
    TI1_Config                               0x080041df   Thumb Code   108  stm32f10x_tim.o(.text)
    .text                                    0x08004998   Section        0  stm32f10x_usart.o(.text)
    .text                                    0x08004da0   Section        0  stm32f10x_adc.o(.text)
    .text                                    0x080051f0   Section        0  stm32f10x_exti.o(.text)
    .text                                    0x0800530c   Section        0  stm32f10x_rtc.o(.text)
    .text                                    0x08005454   Section        0  stm32f10x_pwr.o(.text)
    .text                                    0x08005520   Section        0  stm32f10x_bkp.o(.text)
    .text                                    0x080055e4   Section        2  use_no_semi_2.o(.text)
    .text                                    0x080055e8   Section        0  noretval__2printf.o(.text)
    .text                                    0x08005600   Section        0  __printf.o(.text)
    .text                                    0x08005668   Section        0  _printf_dec.o(.text)
    .text                                    0x080056dc   Section        0  heapauxi.o(.text)
    .text                                    0x080056e2   Section        2  use_no_semi.o(.text)
    .text                                    0x080056e4   Section        0  _printf_intcommon.o(.text)
    .text                                    0x08005798   Section        0  _printf_char_file.o(.text)
    .text                                    0x080057bc   Section        0  _printf_char_common.o(.text)
    _printf_input_char                       0x080057bd   Thumb Code    10  _printf_char_common.o(.text)
    .text                                    0x080057ec   Section        0  ferror.o(.text)
    .text                                    0x080057f4   Section       74  sys_stackheap_outer.o(.text)
    .text                                    0x0800583e   Section        0  exit.o(.text)
    .text                                    0x0800584c   Section        8  libspace.o(.text)
    .constdata                               0x08005854   Section        6  main.o(.constdata)
    .constdata                               0x0800585a   Section       24  rtc.o(.constdata)
    .data                                    0x20000000   Section       36  main.o(.data)
    ROB_Basic_Status_flag                    0x20000000   Data           1  main.o(.data)
    Sens_Avoid_Front_Value_Union             0x20000004   Data           1  main.o(.data)
    Sens_Avoid_Crush_Value_Union             0x20000005   Data           1  main.o(.data)
    Sens_Avoid_Bottom_Value_Union            0x20000006   Data           1  main.o(.data)
    key_keysta                               0x2000000f   Data           1  main.o(.data)
    key_exti_enter_flag                      0x20000010   Data           1  main.o(.data)
    m_move_speed                             0x20000011   Data           1  main.o(.data)
    m_fan_speed                              0x20000012   Data           1  main.o(.data)
    m_move_usr_angle                         0x20000014   Data           2  main.o(.data)
    voice_play_times_charging_start_ch       0x20000016   Data           1  main.o(.data)
    voice_play_times_charging_finished_ch    0x20000017   Data           1  main.o(.data)
    charge_pwm_pulse_width                   0x2000001a   Data           1  main.o(.data)
    RTC_1s_printf_flag                       0x2000001b   Data           1  main.o(.data)
    RTC_1s_charging_led_flag                 0x2000001c   Data           1  main.o(.data)
    RTC_1s_switch_err_flag                   0x2000001d   Data           1  main.o(.data)
    RTC_1s_charging_1d4_flag                 0x2000001e   Data           1  main.o(.data)
    RTC_1s_Dush_Full_flag                    0x2000001f   Data           1  main.o(.data)
    RTC_1s_battery_very_low_flag             0x20000020   Data           1  main.o(.data)
    plan_usr_min_value                       0x20000021   Data           1  main.o(.data)
    plan_usr_hour_value                      0x20000022   Data           1  main.o(.data)
    plan_step_change_flag                    0x20000023   Data           1  main.o(.data)
    .data                                    0x20000024   Section       20  system_stm32f10x.o(.data)
    .data                                    0x20000038   Section       23  remote.o(.data)
    .data                                    0x20000050   Section        2  rtc.o(.data)
    daycnt                                   0x20000050   Data           2  rtc.o(.data)
    .data                                    0x20000052   Section        4  delay.o(.data)
    fac_us                                   0x20000052   Data           1  delay.o(.data)
    fac_ms                                   0x20000054   Data           2  delay.o(.data)
    .data                                    0x20000058   Section        6  usart.o(.data)
    .data                                    0x2000005e   Section       20  stm32f10x_rcc.o(.data)
    APBAHBPrescTable                         0x2000005e   Data          16  stm32f10x_rcc.o(.data)
    ADCPrescTable                            0x2000006e   Data           4  stm32f10x_rcc.o(.data)
    .bss                                     0x20000074   Section       54  main.o(.bss)
    sensor_val                               0x20000074   Data          54  main.o(.bss)
    .bss                                     0x200000aa   Section       10  rtc.o(.bss)
    .bss                                     0x200000b4   Section      200  usart.o(.bss)
    .bss                                     0x2000017c   Section       96  libspace.o(.bss)
    HEAP                                     0x200001e0   Section      512  startup_stm32f10x_hd.o(HEAP)
    Heap_Mem                                 0x200001e0   Data         512  startup_stm32f10x_hd.o(HEAP)
    STACK                                    0x200003e0   Section     1024  startup_stm32f10x_hd.o(STACK)
    Stack_Mem                                0x200003e0   Data        1024  startup_stm32f10x_hd.o(STACK)
    __initial_sp                             0x200007e0   Data           0  startup_stm32f10x_hd.o(STACK)

    Global Symbols

    Symbol Name                              Value     Ov Type        Size  Object(Section)

    BuildAttributes$$THM_ISAv4$P$D$K$B$S$PE$A:L22UL41UL21$X:L11$S22US41US21$IEEE1$IW$USESV6$~STKCKD$USESV7$~SHL$OSPACE$ROPI$EBA8$UX$STANDARDLIB$REQ8$PRES8$EABIv2 0x00000000   Number         0  anon$$obj.o ABSOLUTE
    __ARM_use_no_argv                        0x00000000   Number         0  main.o ABSOLUTE
    __ARM_exceptions_init                     - Undefined Weak Reference
    __alloca_initialize                       - Undefined Weak Reference
    __cpp_initialize__aeabi_                  - Undefined Weak Reference
    __cxa_finalize                            - Undefined Weak Reference
    __rt_locale                               - Undefined Weak Reference
    __sigvec_lookup                           - Undefined Weak Reference
    _atexit_init                              - Undefined Weak Reference
    _call_atexit_fns                          - Undefined Weak Reference
    _clock_init                               - Undefined Weak Reference
    _fp_trap_init                             - Undefined Weak Reference
    _fp_trap_shutdown                         - Undefined Weak Reference
    _get_lc_collate                           - Undefined Weak Reference
    _get_lc_ctype                             - Undefined Weak Reference
    _get_lc_monetary                          - Undefined Weak Reference
    _get_lc_numeric                           - Undefined Weak Reference
    _get_lc_time                              - Undefined Weak Reference
    _getenv_init                              - Undefined Weak Reference
    _handle_redirection                       - Undefined Weak Reference
    _init_alloc                               - Undefined Weak Reference
    _init_user_alloc                          - Undefined Weak Reference
    _initio                                   - Undefined Weak Reference
    _mutex_acquire                            - Undefined Weak Reference
    _mutex_release                            - Undefined Weak Reference
    _printf_post_padding                      - Undefined Weak Reference
    _printf_pre_padding                       - Undefined Weak Reference
    _printf_truncate_signed                   - Undefined Weak Reference
    _printf_truncate_unsigned                 - Undefined Weak Reference
    _rand_init                                - Undefined Weak Reference
    _signal_finish                            - Undefined Weak Reference
    _signal_init                              - Undefined Weak Reference
    _terminate_alloc                          - Undefined Weak Reference
    _terminate_user_alloc                     - Undefined Weak Reference
    _terminateio                              - Undefined Weak Reference
    __Vectors_Size                           0x00000130   Number         0  startup_stm32f10x_hd.o ABSOLUTE
    __Vectors                                0x08000000   Data           4  startup_stm32f10x_hd.o(RESET)
    __Vectors_End                            0x08000130   Data           0  startup_stm32f10x_hd.o(RESET)
    __main                                   0x08000131   Thumb Code     8  __main.o(!!!main)
    __scatterload                            0x08000139   Thumb Code     0  __scatter.o(!!!scatter)
    __scatterload_rt2                        0x08000139   Thumb Code    44  __scatter.o(!!!scatter)
    __scatterload_rt2_thumb_only             0x08000139   Thumb Code     0  __scatter.o(!!!scatter)
    __scatterload_null                       0x08000147   Thumb Code     0  __scatter.o(!!!scatter)
    __scatterload_copy                       0x0800016d   Thumb Code    26  __scatter_copy.o(!!handler_copy)
    __scatterload_zeroinit                   0x08000189   Thumb Code    28  __scatter_zi.o(!!handler_zi)
    _printf_d                                0x080001a5   Thumb Code     0  _printf_d.o(.ARM.Collect$$_printf_percent$$00000009)
    _printf_percent                          0x080001a5   Thumb Code     0  _printf_percent.o(.ARM.Collect$$_printf_percent$$00000000)
    _printf_percent_end                      0x080001ab   Thumb Code     0  _printf_percent_end.o(.ARM.Collect$$_printf_percent$$00000017)
    __rt_lib_init                            0x080001af   Thumb Code     0  libinit.o(.ARM.Collect$$libinit$$00000000)
    __rt_lib_init_alloca_1                   0x080001b1   Thumb Code     0  libinit2.o(.ARM.Collect$$libinit$$0000002C)
    __rt_lib_init_argv_1                     0x080001b1   Thumb Code     0  libinit2.o(.ARM.Collect$$libinit$$0000002A)
    __rt_lib_init_atexit_1                   0x080001b1   Thumb Code     0  libinit2.o(.ARM.Collect$$libinit$$00000019)
    __rt_lib_init_clock_1                    0x080001b1   Thumb Code     0  libinit2.o(.ARM.Collect$$libinit$$0000001F)
    __rt_lib_init_cpp_1                      0x080001b1   Thumb Code     0  libinit2.o(.ARM.Collect$$libinit$$00000030)
    __rt_lib_init_exceptions_1               0x080001b1   Thumb Code     0  libinit2.o(.ARM.Collect$$libinit$$0000002E)
    __rt_lib_init_fp_1                       0x080001b1   Thumb Code     0  libinit2.o(.ARM.Collect$$libinit$$00000002)
    __rt_lib_init_fp_trap_1                  0x080001b1   Thumb Code     0  libinit2.o(.ARM.Collect$$libinit$$0000001D)
    __rt_lib_init_getenv_1                   0x080001b1   Thumb Code     0  libinit2.o(.ARM.Collect$$libinit$$00000021)
    __rt_lib_init_heap_1                     0x080001b1   Thumb Code     0  libinit2.o(.ARM.Collect$$libinit$$00000008)
    __rt_lib_init_lc_collate_1               0x080001b1   Thumb Code     0  libinit2.o(.ARM.Collect$$libinit$$0000000F)
    __rt_lib_init_lc_ctype_1                 0x080001b1   Thumb Code     0  libinit2.o(.ARM.Collect$$libinit$$00000011)
    __rt_lib_init_lc_monetary_1              0x080001b1   Thumb Code     0  libinit2.o(.ARM.Collect$$libinit$$00000013)
    __rt_lib_init_lc_numeric_1               0x080001b1   Thumb Code     0  libinit2.o(.ARM.Collect$$libinit$$00000015)
    __rt_lib_init_lc_time_1                  0x080001b1   Thumb Code     0  libinit2.o(.ARM.Collect$$libinit$$00000017)
    __rt_lib_init_rand_1                     0x080001b1   Thumb Code     0  libinit2.o(.ARM.Collect$$libinit$$0000000C)
    __rt_lib_init_return                     0x080001b1   Thumb Code     0  libinit2.o(.ARM.Collect$$libinit$$00000031)
    __rt_lib_init_signal_1                   0x080001b1   Thumb Code     0  libinit2.o(.ARM.Collect$$libinit$$0000001B)
    __rt_lib_init_stdio_1                    0x080001b1   Thumb Code     0  libinit2.o(.ARM.Collect$$libinit$$00000023)
    __rt_lib_init_user_alloc_1               0x080001b1   Thumb Code     0  libinit2.o(.ARM.Collect$$libinit$$0000000A)
    __rt_lib_shutdown                        0x080001b3   Thumb Code     0  libshutdown.o(.ARM.Collect$$libshutdown$$00000000)
    __rt_lib_shutdown_fp_trap_1              0x080001b5   Thumb Code     0  libshutdown2.o(.ARM.Collect$$libshutdown$$00000006)
    __rt_lib_shutdown_heap_1                 0x080001b5   Thumb Code     0  libshutdown2.o(.ARM.Collect$$libshutdown$$0000000E)
    __rt_lib_shutdown_return                 0x080001b5   Thumb Code     0  libshutdown2.o(.ARM.Collect$$libshutdown$$0000000F)
    __rt_lib_shutdown_signal_1               0x080001b5   Thumb Code     0  libshutdown2.o(.ARM.Collect$$libshutdown$$00000009)
    __rt_lib_shutdown_stdio_1                0x080001b5   Thumb Code     0  libshutdown2.o(.ARM.Collect$$libshutdown$$00000003)
    __rt_lib_shutdown_user_alloc_1           0x080001b5   Thumb Code     0  libshutdown2.o(.ARM.Collect$$libshutdown$$0000000B)
    __rt_entry                               0x080001b7   Thumb Code     0  rtentry.o(.ARM.Collect$$rtentry$$00000000)
    __rt_entry_presh_1                       0x080001b7   Thumb Code     0  rtentry2.o(.ARM.Collect$$rtentry$$00000002)
    __rt_entry_sh                            0x080001b7   Thumb Code     0  rtentry4.o(.ARM.Collect$$rtentry$$00000004)
    __rt_entry_li                            0x080001bd   Thumb Code     0  rtentry2.o(.ARM.Collect$$rtentry$$0000000A)
    __rt_entry_postsh_1                      0x080001bd   Thumb Code     0  rtentry2.o(.ARM.Collect$$rtentry$$00000009)
    __rt_entry_main                          0x080001c1   Thumb Code     0  rtentry2.o(.ARM.Collect$$rtentry$$0000000D)
    __rt_entry_postli_1                      0x080001c1   Thumb Code     0  rtentry2.o(.ARM.Collect$$rtentry$$0000000C)
    __rt_exit                                0x080001c9   Thumb Code     0  rtexit.o(.ARM.Collect$$rtexit$$00000000)
    __rt_exit_ls                             0x080001cb   Thumb Code     0  rtexit2.o(.ARM.Collect$$rtexit$$00000003)
    __rt_exit_prels_1                        0x080001cb   Thumb Code     0  rtexit2.o(.ARM.Collect$$rtexit$$00000002)
    __rt_exit_exit                           0x080001cf   Thumb Code     0  rtexit2.o(.ARM.Collect$$rtexit$$00000004)
    Usr_System_Init                          0x080001d5   Thumb Code    78  main.o(.text)
    Disp_Loop                                0x08000223   Thumb Code    46  main.o(.text)
    EXTI9_5_IRQHandler                       0x08000251   Thumb Code   116  main.o(.text)
    Key_Loop                                 0x080002c5   Thumb Code   440  main.o(.text)
    Remote_loop                              0x0800047d   Thumb Code   642  main.o(.text)
    Sensor_Loop                              0x080006ff   Thumb Code   578  main.o(.text)
    Navigation_Loop                          0x08000941   Thumb Code   994  main.o(.text)
    Charging_LED_Horse_Lamp                  0x08000d23   Thumb Code   158  main.o(.text)
    Charging_Loop                            0x08000dc1   Thumb Code   202  main.o(.text)
    Warning_Loop                             0x08000e8b   Thumb Code   160  main.o(.text)
    RTC_IRQHandler                           0x08000f2b   Thumb Code   126  main.o(.text)
    Plan_Loop                                0x08000fa9   Thumb Code   152  main.o(.text)
    Sub_Status_Loop                          0x08001041   Thumb Code   816  main.o(.text)
    Status_Change_Loop                       0x08001371   Thumb Code   420  main.o(.text)
    Status_Loop                              0x08001515   Thumb Code   176  main.o(.text)
    main                                     0x080015c5   Thumb Code    40  main.o(.text)
    EXTI1_IRQHandler                         0x080015ed   Thumb Code    50  main.o(.text)
    NMI_Handler                              0x08001641   Thumb Code     2  stm32f10x_it.o(.text)
    HardFault_Handler                        0x08001643   Thumb Code     4  stm32f10x_it.o(.text)
    MemManage_Handler                        0x08001647   Thumb Code     4  stm32f10x_it.o(.text)
    BusFault_Handler                         0x0800164b   Thumb Code     4  stm32f10x_it.o(.text)
    UsageFault_Handler                       0x0800164f   Thumb Code     4  stm32f10x_it.o(.text)
    SVC_Handler                              0x08001653   Thumb Code     2  stm32f10x_it.o(.text)
    DebugMon_Handler                         0x08001655   Thumb Code     2  stm32f10x_it.o(.text)
    PendSV_Handler                           0x08001657   Thumb Code     2  stm32f10x_it.o(.text)
    SysTick_Handler                          0x08001659   Thumb Code     2  stm32f10x_it.o(.text)
    SystemInit                               0x0800173b   Thumb Code    78  system_stm32f10x.o(.text)
    SystemCoreClockUpdate                    0x08001789   Thumb Code   142  system_stm32f10x.o(.text)
    Get_Adc                                  0x0800183d   Thumb Code    46  sensor.o(.text)
    Get_Adc_Average                          0x0800186b   Thumb Code    46  sensor.o(.text)
    SENSOR_PWM_Init                          0x08001899   Thumb Code   124  sensor.o(.text)
    SENSOR_ADC_Init                          0x08001915   Thumb Code   152  sensor.o(.text)
    SENSOR_EXTI_Init                         0x080019ad   Thumb Code   102  sensor.o(.text)
    SENSOR_Init                              0x08001a13   Thumb Code   138  sensor.o(.text)
    SENSOR_Scan                              0x08001a9d   Thumb Code   290  sensor.o(.text)
    MOTOR_MOVE_PWM_Init                      0x08001bf1   Thumb Code   140  motor_move.o(.text)
    MOTOR_SPEED_Monitor_Init                 0x08001c7d   Thumb Code   116  motor_move.o(.text)
    MOTOR_MOVE_Init                          0x08001cf1   Thumb Code   168  motor_move.o(.text)
    MOTOR_MOVE_SPEED_Set                     0x08001d99   Thumb Code    28  motor_move.o(.text)
    MOTOR_MOVE_FORWARD                       0x08001db5   Thumb Code    14  motor_move.o(.text)
    MOTOR_MOVE_BACKWARD                      0x08001dc3   Thumb Code    14  motor_move.o(.text)
    MOTOR_MOVE_CLOCKWIZE                     0x08001dd1   Thumb Code    16  motor_move.o(.text)
    MOTOR_MOVE_ANTICLOCKWIZE                 0x08001de1   Thumb Code    16  motor_move.o(.text)
    MOTOR_MOVE_TURNLEFT                      0x08001df1   Thumb Code    40  motor_move.o(.text)
    MOTOR_MOVE_TURNRIGHT                     0x08001e19   Thumb Code    40  motor_move.o(.text)
    MOTOR_MOVE_BACKLEFT                      0x08001e41   Thumb Code    40  motor_move.o(.text)
    MOTOR_MOVE_BACKRIGHT                     0x08001e69   Thumb Code    40  motor_move.o(.text)
    MOTOR_MOVE_STOP                          0x08001e91   Thumb Code    34  motor_move.o(.text)
    MOTOR_MOVE_RUN                           0x08001eb3   Thumb Code    36  motor_move.o(.text)
    MOTOR_MOVE                               0x08001ed7   Thumb Code    98  motor_move.o(.text)
    MOTOR_MOVE_DIST_L_READ                   0x08001f39   Thumb Code    16  motor_move.o(.text)
    MOTOR_MOVE_DIST_R_READ                   0x08001f49   Thumb Code    16  motor_move.o(.text)
    MOTOR_TURN_Angle                         0x08001f59   Thumb Code   246  motor_move.o(.text)
    MOTOR_MOVE_AVOID                         0x0800204f   Thumb Code    36  motor_move.o(.text)
    MOTOR_MOVE_SOFT_START_SIMPLE             0x08002073   Thumb Code    42  motor_move.o(.text)
    MOTOR_SIDE_Init                          0x080020cd   Thumb Code    84  motor_side.o(.text)
    MOTOR_SIDE                               0x08002121   Thumb Code    30  motor_side.o(.text)
    MOTOR_FAN_Init                           0x0800214d   Thumb Code   130  motor_fan.o(.text)
    MOTOR_FAN                                0x080021cf   Thumb Code    28  motor_fan.o(.text)
    MOTOR_FAN_SOFT_START                     0x080021eb   Thumb Code    56  motor_fan.o(.text)
    LED_Sent_8bits                           0x0800222d   Thumb Code    52  led.o(.text)
    LED_WR                                   0x08002261   Thumb Code    28  led.o(.text)
    LED_WR_DATA                              0x0800227d   Thumb Code    52  led.o(.text)
    LED_Init                                 0x080022b1   Thumb Code   158  led.o(.text)
    LED_DISP                                 0x0800234f   Thumb Code   288  led.o(.text)
    LED_DISP_ERR                             0x0800246f   Thumb Code    72  led.o(.text)
    LED_Horse_Lamp_Disp                      0x080024b7   Thumb Code   236  led.o(.text)
    LED_Horse_Lamp                           0x080025a3   Thumb Code    46  led.o(.text)
    LED_DISP_Time                            0x080025d1   Thumb Code   220  led.o(.text)
    TIM2_Int_Init                            0x080026ad   Thumb Code    52  remote.o(.text)
    REMOTE_Init                              0x080026e1   Thumb Code   124  remote.o(.text)
    RETURN_Init                              0x0800275d   Thumb Code   140  remote.o(.text)
    EXTI15_10_IRQHandler                     0x080027e9   Thumb Code   484  remote.o(.text)
    REMOTE_Scan                              0x080029cd   Thumb Code   108  remote.o(.text)
    RETURN_Scan                              0x08002a39   Thumb Code   108  remote.o(.text)
    KEY_Init                                 0x08002ad5   Thumb Code   162  key.o(.text)
    VOICE_WR                                 0x08002b7d   Thumb Code   140  voice.o(.text)
    VOICE_Init                               0x08002c09   Thumb Code    86  voice.o(.text)
    VOICE_PLAY                               0x08002c5f   Thumb Code    18  voice.o(.text)
    POWER5V_on                               0x08002c7d   Thumb Code    14  power5v.o(.text)
    POWER5V_Init                             0x08002c8b   Thumb Code    84  power5v.o(.text)
    POWER5V_off                              0x08002cdf   Thumb Code    14  power5v.o(.text)
    CHARGER_Start                            0x08002cfd   Thumb Code    12  charger.o(.text)
    CHARGER_Stop                             0x08002d09   Thumb Code    12  charger.o(.text)
    CHARGER_PWM_Init                         0x08002d15   Thumb Code   136  charger.o(.text)
    CHARGER_Init                             0x08002d9d   Thumb Code    24  charger.o(.text)
    CHARGER_Start_1d4                        0x08002db5   Thumb Code    38  charger.o(.text)
    CHARGER_Start_more_than_1d4              0x08002ddb   Thumb Code    16  charger.o(.text)
    CHARGER_Startt_more_than_3d4             0x08002deb   Thumb Code    16  charger.o(.text)
    RTC_Get_Week                             0x08002e27   Thumb Code   116  rtc.o(.text)
    Is_Leap_Year                             0x08002e9b   Thumb Code    58  rtc.o(.text)
    RTC_Get                                  0x08002ed5   Thumb Code   240  rtc.o(.text)
    RTC_Set                                  0x08002fc5   Thumb Code   184  rtc.o(.text)
    RTC_Init                                 0x0800307d   Thumb Code   160  rtc.o(.text)
    delay_init                               0x08003139   Thumb Code    50  delay.o(.text)
    delay_us                                 0x0800316b   Thumb Code    72  delay.o(.text)
    delay_ms                                 0x080031b3   Thumb Code    72  delay.o(.text)
    NVIC_Configuration                       0x0800320d   Thumb Code    12  sys.o(.text)
    _sys_exit                                0x08003219   Thumb Code     6  usart.o(.text)
    fputc                                    0x0800321f   Thumb Code    24  usart.o(.text)
    UART_init                                0x08003237   Thumb Code   158  usart.o(.text)
    USART1_IRQHandler                        0x080032d5   Thumb Code   122  usart.o(.text)
    Reset_Handler                            0x08003361   Thumb Code     8  startup_stm32f10x_hd.o(.text)
    ADC1_2_IRQHandler                        0x0800337b   Thumb Code     0  startup_stm32f10x_hd.o(.text)
    ADC3_IRQHandler                          0x0800337b   Thumb Code     0  startup_stm32f10x_hd.o(.text)
    CAN1_RX1_IRQHandler                      0x0800337b   Thumb Code     0  startup_stm32f10x_hd.o(.text)
    CAN1_SCE_IRQHandler                      0x0800337b   Thumb Code     0  startup_stm32f10x_hd.o(.text)
    DMA1_Channel1_IRQHandler                 0x0800337b   Thumb Code     0  startup_stm32f10x_hd.o(.text)
    DMA1_Channel2_IRQHandler                 0x0800337b   Thumb Code     0  startup_stm32f10x_hd.o(.text)
    DMA1_Channel3_IRQHandler                 0x0800337b   Thumb Code     0  startup_stm32f10x_hd.o(.text)
    DMA1_Channel4_IRQHandler                 0x0800337b   Thumb Code     0  startup_stm32f10x_hd.o(.text)
    DMA1_Channel5_IRQHandler                 0x0800337b   Thumb Code     0  startup_stm32f10x_hd.o(.text)
    DMA1_Channel6_IRQHandler                 0x0800337b   Thumb Code     0  startup_stm32f10x_hd.o(.text)
    DMA1_Channel7_IRQHandler                 0x0800337b   Thumb Code     0  startup_stm32f10x_hd.o(.text)
    DMA2_Channel1_IRQHandler                 0x0800337b   Thumb Code     0  startup_stm32f10x_hd.o(.text)
    DMA2_Channel2_IRQHandler                 0x0800337b   Thumb Code     0  startup_stm32f10x_hd.o(.text)
    DMA2_Channel3_IRQHandler                 0x0800337b   Thumb Code     0  startup_stm32f10x_hd.o(.text)
    DMA2_Channel4_5_IRQHandler               0x0800337b   Thumb Code     0  startup_stm32f10x_hd.o(.text)
    EXTI0_IRQHandler                         0x0800337b   Thumb Code     0  startup_stm32f10x_hd.o(.text)
    EXTI2_IRQHandler                         0x0800337b   Thumb Code     0  startup_stm32f10x_hd.o(.text)
    EXTI3_IRQHandler                         0x0800337b   Thumb Code     0  startup_stm32f10x_hd.o(.text)
    EXTI4_IRQHandler                         0x0800337b   Thumb Code     0  startup_stm32f10x_hd.o(.text)
    FLASH_IRQHandler                         0x0800337b   Thumb Code     0  startup_stm32f10x_hd.o(.text)
    FSMC_IRQHandler                          0x0800337b   Thumb Code     0  startup_stm32f10x_hd.o(.text)
    I2C1_ER_IRQHandler                       0x0800337b   Thumb Code     0  startup_stm32f10x_hd.o(.text)
    I2C1_EV_IRQHandler                       0x0800337b   Thumb Code     0  startup_stm32f10x_hd.o(.text)
    I2C2_ER_IRQHandler                       0x0800337b   Thumb Code     0  startup_stm32f10x_hd.o(.text)
    I2C2_EV_IRQHandler                       0x0800337b   Thumb Code     0  startup_stm32f10x_hd.o(.text)
    PVD_IRQHandler                           0x0800337b   Thumb Code     0  startup_stm32f10x_hd.o(.text)
    RCC_IRQHandler                           0x0800337b   Thumb Code     0  startup_stm32f10x_hd.o(.text)
    RTCAlarm_IRQHandler                      0x0800337b   Thumb Code     0  startup_stm32f10x_hd.o(.text)
    SDIO_IRQHandler                          0x0800337b   Thumb Code     0  startup_stm32f10x_hd.o(.text)
    SPI1_IRQHandler                          0x0800337b   Thumb Code     0  startup_stm32f10x_hd.o(.text)
    SPI2_IRQHandler                          0x0800337b   Thumb Code     0  startup_stm32f10x_hd.o(.text)
    SPI3_IRQHandler                          0x0800337b   Thumb Code     0  startup_stm32f10x_hd.o(.text)
    TAMPER_IRQHandler                        0x0800337b   Thumb Code     0  startup_stm32f10x_hd.o(.text)
    TIM1_BRK_IRQHandler                      0x0800337b   Thumb Code     0  startup_stm32f10x_hd.o(.text)
    TIM1_CC_IRQHandler                       0x0800337b   Thumb Code     0  startup_stm32f10x_hd.o(.text)
    TIM1_TRG_COM_IRQHandler                  0x0800337b   Thumb Code     0  startup_stm32f10x_hd.o(.text)
    TIM1_UP_IRQHandler                       0x0800337b   Thumb Code     0  startup_stm32f10x_hd.o(.text)
    TIM2_IRQHandler                          0x0800337b   Thumb Code     0  startup_stm32f10x_hd.o(.text)
    TIM3_IRQHandler                          0x0800337b   Thumb Code     0  startup_stm32f10x_hd.o(.text)
    TIM4_IRQHandler                          0x0800337b   Thumb Code     0  startup_stm32f10x_hd.o(.text)
    TIM5_IRQHandler                          0x0800337b   Thumb Code     0  startup_stm32f10x_hd.o(.text)
    TIM6_IRQHandler                          0x0800337b   Thumb Code     0  startup_stm32f10x_hd.o(.text)
    TIM7_IRQHandler                          0x0800337b   Thumb Code     0  startup_stm32f10x_hd.o(.text)
    TIM8_BRK_IRQHandler                      0x0800337b   Thumb Code     0  startup_stm32f10x_hd.o(.text)
    TIM8_CC_IRQHandler                       0x0800337b   Thumb Code     0  startup_stm32f10x_hd.o(.text)
    TIM8_TRG_COM_IRQHandler                  0x0800337b   Thumb Code     0  startup_stm32f10x_hd.o(.text)
    TIM8_UP_IRQHandler                       0x0800337b   Thumb Code     0  startup_stm32f10x_hd.o(.text)
    UART4_IRQHandler                         0x0800337b   Thumb Code     0  startup_stm32f10x_hd.o(.text)
    UART5_IRQHandler                         0x0800337b   Thumb Code     0  startup_stm32f10x_hd.o(.text)
    USART2_IRQHandler                        0x0800337b   Thumb Code     0  startup_stm32f10x_hd.o(.text)
    USART3_IRQHandler                        0x0800337b   Thumb Code     0  startup_stm32f10x_hd.o(.text)
    USBWakeUp_IRQHandler                     0x0800337b   Thumb Code     0  startup_stm32f10x_hd.o(.text)
    USB_HP_CAN1_TX_IRQHandler                0x0800337b   Thumb Code     0  startup_stm32f10x_hd.o(.text)
    USB_LP_CAN1_RX0_IRQHandler               0x0800337b   Thumb Code     0  startup_stm32f10x_hd.o(.text)
    WWDG_IRQHandler                          0x0800337b   Thumb Code     0  startup_stm32f10x_hd.o(.text)
    __user_initial_stackheap                 0x0800337d   Thumb Code     0  startup_stm32f10x_hd.o(.text)
    NVIC_PriorityGroupConfig                 0x080033a1   Thumb Code    10  misc.o(.text)
    NVIC_Init                                0x080033ab   Thumb Code   100  misc.o(.text)
    NVIC_SetVectorTable                      0x0800340f   Thumb Code    14  misc.o(.text)
    NVIC_SystemLPConfig                      0x0800341d   Thumb Code    34  misc.o(.text)
    SysTick_CLKSourceConfig                  0x0800343f   Thumb Code    40  misc.o(.text)
    GPIO_DeInit                              0x0800347d   Thumb Code   172  stm32f10x_gpio.o(.text)
    GPIO_AFIODeInit                          0x08003529   Thumb Code    20  stm32f10x_gpio.o(.text)
    GPIO_Init                                0x0800353d   Thumb Code   278  stm32f10x_gpio.o(.text)
    GPIO_StructInit                          0x08003653   Thumb Code    16  stm32f10x_gpio.o(.text)
    GPIO_ReadInputDataBit                    0x08003663   Thumb Code    18  stm32f10x_gpio.o(.text)
    GPIO_ReadInputData                       0x08003675   Thumb Code     8  stm32f10x_gpio.o(.text)
    GPIO_ReadOutputDataBit                   0x0800367d   Thumb Code    18  stm32f10x_gpio.o(.text)
    GPIO_ReadOutputData                      0x0800368f   Thumb Code     8  stm32f10x_gpio.o(.text)
    GPIO_SetBits                             0x08003697   Thumb Code     4  stm32f10x_gpio.o(.text)
    GPIO_ResetBits                           0x0800369b   Thumb Code     4  stm32f10x_gpio.o(.text)
    GPIO_WriteBit                            0x0800369f   Thumb Code    10  stm32f10x_gpio.o(.text)
    GPIO_Write                               0x080036a9   Thumb Code     4  stm32f10x_gpio.o(.text)
    GPIO_PinLockConfig                       0x080036ad   Thumb Code    18  stm32f10x_gpio.o(.text)
    GPIO_EventOutputConfig                   0x080036bf   Thumb Code    26  stm32f10x_gpio.o(.text)
    GPIO_EventOutputCmd                      0x080036d9   Thumb Code     6  stm32f10x_gpio.o(.text)
    GPIO_PinRemapConfig                      0x080036df   Thumb Code   138  stm32f10x_gpio.o(.text)
    GPIO_EXTILineConfig                      0x08003769   Thumb Code    66  stm32f10x_gpio.o(.text)
    GPIO_ETH_MediaInterfaceConfig            0x080037ab   Thumb Code     8  stm32f10x_gpio.o(.text)
    RCC_DeInit                               0x080037d9   Thumb Code    64  stm32f10x_rcc.o(.text)
    RCC_HSEConfig                            0x08003819   Thumb Code    70  stm32f10x_rcc.o(.text)
    RCC_GetFlagStatus                        0x0800385f   Thumb Code    56  stm32f10x_rcc.o(.text)
    RCC_WaitForHSEStartUp                    0x08003897   Thumb Code    56  stm32f10x_rcc.o(.text)
    RCC_AdjustHSICalibrationValue            0x080038cf   Thumb Code    20  stm32f10x_rcc.o(.text)
    RCC_HSICmd                               0x080038e3   Thumb Code     6  stm32f10x_rcc.o(.text)
    RCC_PLLConfig                            0x080038e9   Thumb Code    24  stm32f10x_rcc.o(.text)
    RCC_PLLCmd                               0x08003901   Thumb Code     6  stm32f10x_rcc.o(.text)
    RCC_SYSCLKConfig                         0x08003907   Thumb Code    18  stm32f10x_rcc.o(.text)
    RCC_GetSYSCLKSource                      0x08003919   Thumb Code    10  stm32f10x_rcc.o(.text)
    RCC_HCLKConfig                           0x08003923   Thumb Code    18  stm32f10x_rcc.o(.text)
    RCC_PCLK1Config                          0x08003935   Thumb Code    18  stm32f10x_rcc.o(.text)
    RCC_PCLK2Config                          0x08003947   Thumb Code    20  stm32f10x_rcc.o(.text)
    RCC_ITConfig                             0x0800395b   Thumb Code    26  stm32f10x_rcc.o(.text)
    RCC_USBCLKConfig                         0x08003975   Thumb Code     8  stm32f10x_rcc.o(.text)
    RCC_ADCCLKConfig                         0x0800397d   Thumb Code    18  stm32f10x_rcc.o(.text)
    RCC_LSEConfig                            0x0800398f   Thumb Code    50  stm32f10x_rcc.o(.text)
    RCC_LSICmd                               0x080039c1   Thumb Code     6  stm32f10x_rcc.o(.text)
    RCC_RTCCLKConfig                         0x080039c7   Thumb Code    12  stm32f10x_rcc.o(.text)
    RCC_RTCCLKCmd                            0x080039d3   Thumb Code     8  stm32f10x_rcc.o(.text)
    RCC_GetClocksFreq                        0x080039db   Thumb Code   192  stm32f10x_rcc.o(.text)
    RCC_AHBPeriphClockCmd                    0x08003a9b   Thumb Code    26  stm32f10x_rcc.o(.text)
    RCC_APB2PeriphClockCmd                   0x08003ab5   Thumb Code    26  stm32f10x_rcc.o(.text)
    RCC_APB1PeriphClockCmd                   0x08003acf   Thumb Code    26  stm32f10x_rcc.o(.text)
    RCC_APB2PeriphResetCmd                   0x08003ae9   Thumb Code    26  stm32f10x_rcc.o(.text)
    RCC_APB1PeriphResetCmd                   0x08003b03   Thumb Code    26  stm32f10x_rcc.o(.text)
    RCC_BackupResetCmd                       0x08003b1d   Thumb Code     8  stm32f10x_rcc.o(.text)
    RCC_ClockSecuritySystemCmd               0x08003b25   Thumb Code     6  stm32f10x_rcc.o(.text)
    RCC_MCOConfig                            0x08003b2b   Thumb Code     6  stm32f10x_rcc.o(.text)
    RCC_ClearFlag                            0x08003b31   Thumb Code    14  stm32f10x_rcc.o(.text)
    RCC_GetITStatus                          0x08003b3f   Thumb Code    20  stm32f10x_rcc.o(.text)
    RCC_ClearITPendingBit                    0x08003b53   Thumb Code     6  stm32f10x_rcc.o(.text)
    TIM_DeInit                               0x08003b7d   Thumb Code   424  stm32f10x_tim.o(.text)
    TIM_TimeBaseInit                         0x08003d25   Thumb Code   122  stm32f10x_tim.o(.text)
    TIM_OC1Init                              0x08003d9f   Thumb Code   132  stm32f10x_tim.o(.text)
    TIM_OC2Init                              0x08003e23   Thumb Code   154  stm32f10x_tim.o(.text)
    TIM_OC3Init                              0x08003ebd   Thumb Code   150  stm32f10x_tim.o(.text)
    TIM_OC4Init                              0x08003f53   Thumb Code   182  stm32f10x_tim.o(.text)
    TIM_SetIC4Prescaler                      0x08004009   Thumb Code    26  stm32f10x_tim.o(.text)
    TIM_SetIC3Prescaler                      0x080040a5   Thumb Code    18  stm32f10x_tim.o(.text)
    TIM_SetIC2Prescaler                      0x08004131   Thumb Code    26  stm32f10x_tim.o(.text)
    TIM_SetIC1Prescaler                      0x080041cd   Thumb Code    18  stm32f10x_tim.o(.text)
    TIM_ICInit                               0x0800424b   Thumb Code   150  stm32f10x_tim.o(.text)
    TIM_PWMIConfig                           0x080042e1   Thumb Code   124  stm32f10x_tim.o(.text)
    TIM_BDTRConfig                           0x0800435d   Thumb Code    32  stm32f10x_tim.o(.text)
    TIM_TimeBaseStructInit                   0x0800437d   Thumb Code    18  stm32f10x_tim.o(.text)
    TIM_OCStructInit                         0x0800438f   Thumb Code    20  stm32f10x_tim.o(.text)
    TIM_ICStructInit                         0x080043a3   Thumb Code    18  stm32f10x_tim.o(.text)
    TIM_BDTRStructInit                       0x080043b5   Thumb Code    40  stm32f10x_tim.o(.text)
    TIM_Cmd                                  0x080043dd   Thumb Code    24  stm32f10x_tim.o(.text)
    TIM_CtrlPWMOutputs                       0x080043f5   Thumb Code    30  stm32f10x_tim.o(.text)
    TIM_ITConfig                             0x08004413   Thumb Code    18  stm32f10x_tim.o(.text)
    TIM_GenerateEvent                        0x08004425   Thumb Code     4  stm32f10x_tim.o(.text)
    TIM_DMAConfig                            0x08004429   Thumb Code    10  stm32f10x_tim.o(.text)
    TIM_DMACmd                               0x08004433   Thumb Code    18  stm32f10x_tim.o(.text)
    TIM_InternalClockConfig                  0x08004445   Thumb Code    12  stm32f10x_tim.o(.text)
    TIM_SelectInputTrigger                   0x08004451   Thumb Code    18  stm32f10x_tim.o(.text)
    TIM_ITRxExternalClockConfig              0x08004463   Thumb Code    24  stm32f10x_tim.o(.text)
    TIM_TIxExternalClockConfig               0x0800447b   Thumb Code    62  stm32f10x_tim.o(.text)
    TIM_ETRConfig                            0x080044b9   Thumb Code    28  stm32f10x_tim.o(.text)
    TIM_ETRClockMode1Config                  0x080044d5   Thumb Code    54  stm32f10x_tim.o(.text)
    TIM_ETRClockMode2Config                  0x0800450b   Thumb Code    32  stm32f10x_tim.o(.text)
    TIM_PrescalerConfig                      0x0800452b   Thumb Code     6  stm32f10x_tim.o(.text)
    TIM_CounterModeConfig                    0x08004531   Thumb Code    18  stm32f10x_tim.o(.text)
    TIM_EncoderInterfaceConfig               0x08004543   Thumb Code    66  stm32f10x_tim.o(.text)
    TIM_ForcedOC1Config                      0x08004585   Thumb Code    18  stm32f10x_tim.o(.text)
    TIM_ForcedOC2Config                      0x08004597   Thumb Code    26  stm32f10x_tim.o(.text)
    TIM_ForcedOC3Config                      0x080045b1   Thumb Code    18  stm32f10x_tim.o(.text)
    TIM_ForcedOC4Config                      0x080045c3   Thumb Code    26  stm32f10x_tim.o(.text)
    TIM_ARRPreloadConfig                     0x080045dd   Thumb Code    24  stm32f10x_tim.o(.text)
    TIM_SelectCOM                            0x080045f5   Thumb Code    24  stm32f10x_tim.o(.text)
    TIM_SelectCCDMA                          0x0800460d   Thumb Code    24  stm32f10x_tim.o(.text)
    TIM_CCPreloadControl                     0x08004625   Thumb Code    24  stm32f10x_tim.o(.text)
    TIM_OC1PreloadConfig                     0x0800463d   Thumb Code    18  stm32f10x_tim.o(.text)
    TIM_OC2PreloadConfig                     0x0800464f   Thumb Code    26  stm32f10x_tim.o(.text)
    TIM_OC3PreloadConfig                     0x08004669   Thumb Code    18  stm32f10x_tim.o(.text)
    TIM_OC4PreloadConfig                     0x0800467b   Thumb Code    26  stm32f10x_tim.o(.text)
    TIM_OC1FastConfig                        0x08004695   Thumb Code    18  stm32f10x_tim.o(.text)
    TIM_OC2FastConfig                        0x080046a7   Thumb Code    26  stm32f10x_tim.o(.text)
    TIM_OC3FastConfig                        0x080046c1   Thumb Code    18  stm32f10x_tim.o(.text)
    TIM_OC4FastConfig                        0x080046d3   Thumb Code    26  stm32f10x_tim.o(.text)
    TIM_ClearOC1Ref                          0x080046ed   Thumb Code    18  stm32f10x_tim.o(.text)
    TIM_ClearOC2Ref                          0x080046ff   Thumb Code    24  stm32f10x_tim.o(.text)
    TIM_ClearOC3Ref                          0x08004717   Thumb Code    18  stm32f10x_tim.o(.text)
    TIM_ClearOC4Ref                          0x08004729   Thumb Code    24  stm32f10x_tim.o(.text)
    TIM_OC1PolarityConfig                    0x08004741   Thumb Code    18  stm32f10x_tim.o(.text)
    TIM_OC1NPolarityConfig                   0x08004753   Thumb Code    18  stm32f10x_tim.o(.text)
    TIM_OC2PolarityConfig                    0x08004765   Thumb Code    26  stm32f10x_tim.o(.text)
    TIM_OC2NPolarityConfig                   0x0800477f   Thumb Code    26  stm32f10x_tim.o(.text)
    TIM_OC3PolarityConfig                    0x08004799   Thumb Code    26  stm32f10x_tim.o(.text)
    TIM_OC3NPolarityConfig                   0x080047b3   Thumb Code    26  stm32f10x_tim.o(.text)
    TIM_OC4PolarityConfig                    0x080047cd   Thumb Code    26  stm32f10x_tim.o(.text)
    TIM_CCxCmd                               0x080047e7   Thumb Code    30  stm32f10x_tim.o(.text)
    TIM_CCxNCmd                              0x08004805   Thumb Code    30  stm32f10x_tim.o(.text)
    TIM_SelectOCxM                           0x08004823   Thumb Code    82  stm32f10x_tim.o(.text)
    TIM_UpdateDisableConfig                  0x08004875   Thumb Code    24  stm32f10x_tim.o(.text)
    TIM_UpdateRequestConfig                  0x0800488d   Thumb Code    24  stm32f10x_tim.o(.text)
    TIM_SelectHallSensor                     0x080048a5   Thumb Code    24  stm32f10x_tim.o(.text)
    TIM_SelectOnePulseMode                   0x080048bd   Thumb Code    18  stm32f10x_tim.o(.text)
    TIM_SelectOutputTrigger                  0x080048cf   Thumb Code    18  stm32f10x_tim.o(.text)
    TIM_SelectSlaveMode                      0x080048e1   Thumb Code    18  stm32f10x_tim.o(.text)
    TIM_SelectMasterSlaveMode                0x080048f3   Thumb Code    18  stm32f10x_tim.o(.text)
    TIM_SetCounter                           0x08004905   Thumb Code     4  stm32f10x_tim.o(.text)
    TIM_SetAutoreload                        0x08004909   Thumb Code     4  stm32f10x_tim.o(.text)
    TIM_SetCompare1                          0x0800490d   Thumb Code     4  stm32f10x_tim.o(.text)
    TIM_SetCompare2                          0x08004911   Thumb Code     4  stm32f10x_tim.o(.text)
    TIM_SetCompare3                          0x08004915   Thumb Code     4  stm32f10x_tim.o(.text)
    TIM_SetCompare4                          0x08004919   Thumb Code     6  stm32f10x_tim.o(.text)
    TIM_SetClockDivision                     0x0800491f   Thumb Code    18  stm32f10x_tim.o(.text)
    TIM_GetCapture1                          0x08004931   Thumb Code     6  stm32f10x_tim.o(.text)
    TIM_GetCapture2                          0x08004937   Thumb Code     6  stm32f10x_tim.o(.text)
    TIM_GetCapture3                          0x0800493d   Thumb Code     6  stm32f10x_tim.o(.text)
    TIM_GetCapture4                          0x08004943   Thumb Code     8  stm32f10x_tim.o(.text)
    TIM_GetCounter                           0x0800494b   Thumb Code     6  stm32f10x_tim.o(.text)
    TIM_GetPrescaler                         0x08004951   Thumb Code     6  stm32f10x_tim.o(.text)
    TIM_GetFlagStatus                        0x08004957   Thumb Code    18  stm32f10x_tim.o(.text)
    TIM_ClearFlag                            0x08004969   Thumb Code     6  stm32f10x_tim.o(.text)
    TIM_GetITStatus                          0x0800496f   Thumb Code    34  stm32f10x_tim.o(.text)
    TIM_ClearITPendingBit                    0x08004991   Thumb Code     6  stm32f10x_tim.o(.text)
    USART_DeInit                             0x08004999   Thumb Code   134  stm32f10x_usart.o(.text)
    USART_Init                               0x08004a1f   Thumb Code   210  stm32f10x_usart.o(.text)
    USART_StructInit                         0x08004af1   Thumb Code    24  stm32f10x_usart.o(.text)
    USART_ClockInit                          0x08004b09   Thumb Code    34  stm32f10x_usart.o(.text)
    USART_ClockStructInit                    0x08004b2b   Thumb Code    12  stm32f10x_usart.o(.text)
    USART_Cmd                                0x08004b37   Thumb Code    24  stm32f10x_usart.o(.text)
    USART_ITConfig                           0x08004b4f   Thumb Code    74  stm32f10x_usart.o(.text)
    USART_DMACmd                             0x08004b99   Thumb Code    18  stm32f10x_usart.o(.text)
    USART_SetAddress                         0x08004bab   Thumb Code    18  stm32f10x_usart.o(.text)
    USART_WakeUpConfig                       0x08004bbd   Thumb Code    18  stm32f10x_usart.o(.text)
    USART_ReceiverWakeUpCmd                  0x08004bcf   Thumb Code    24  stm32f10x_usart.o(.text)
    USART_LINBreakDetectLengthConfig         0x08004be7   Thumb Code    18  stm32f10x_usart.o(.text)
    USART_LINCmd                             0x08004bf9   Thumb Code    24  stm32f10x_usart.o(.text)
    USART_SendData                           0x08004c11   Thumb Code     8  stm32f10x_usart.o(.text)
    USART_ReceiveData                        0x08004c19   Thumb Code    10  stm32f10x_usart.o(.text)
    USART_SendBreak                          0x08004c23   Thumb Code    10  stm32f10x_usart.o(.text)
    USART_SetGuardTime                       0x08004c2d   Thumb Code    16  stm32f10x_usart.o(.text)
    USART_SetPrescaler                       0x08004c3d   Thumb Code    16  stm32f10x_usart.o(.text)
    USART_SmartCardCmd                       0x08004c4d   Thumb Code    24  stm32f10x_usart.o(.text)
    USART_SmartCardNACKCmd                   0x08004c65   Thumb Code    24  stm32f10x_usart.o(.text)
    USART_HalfDuplexCmd                      0x08004c7d   Thumb Code    24  stm32f10x_usart.o(.text)
    USART_OverSampling8Cmd                   0x08004c95   Thumb Code    22  stm32f10x_usart.o(.text)
    USART_OneBitMethodCmd                    0x08004cab   Thumb Code    24  stm32f10x_usart.o(.text)
    USART_IrDAConfig                         0x08004cc3   Thumb Code    18  stm32f10x_usart.o(.text)
    USART_IrDACmd                            0x08004cd5   Thumb Code    24  stm32f10x_usart.o(.text)
    USART_GetFlagStatus                      0x08004ced   Thumb Code    26  stm32f10x_usart.o(.text)
    USART_ClearFlag                          0x08004d07   Thumb Code    18  stm32f10x_usart.o(.text)
    USART_GetITStatus                        0x08004d19   Thumb Code    84  stm32f10x_usart.o(.text)
    USART_ClearITPendingBit                  0x08004d6d   Thumb Code    52  stm32f10x_usart.o(.text)
    ADC_DeInit                               0x08004da1   Thumb Code    78  stm32f10x_adc.o(.text)
    ADC_Init                                 0x08004def   Thumb Code    70  stm32f10x_adc.o(.text)
    ADC_StructInit                           0x08004e35   Thumb Code    18  stm32f10x_adc.o(.text)
    ADC_Cmd                                  0x08004e47   Thumb Code    22  stm32f10x_adc.o(.text)
    ADC_DMACmd                               0x08004e5d   Thumb Code    22  stm32f10x_adc.o(.text)
    ADC_ITConfig                             0x08004e73   Thumb Code    24  stm32f10x_adc.o(.text)
    ADC_ResetCalibration                     0x08004e8b   Thumb Code    10  stm32f10x_adc.o(.text)
    ADC_GetResetCalibrationStatus            0x08004e95   Thumb Code    20  stm32f10x_adc.o(.text)
    ADC_StartCalibration                     0x08004ea9   Thumb Code    10  stm32f10x_adc.o(.text)
    ADC_GetCalibrationStatus                 0x08004eb3   Thumb Code    20  stm32f10x_adc.o(.text)
    ADC_SoftwareStartConvCmd                 0x08004ec7   Thumb Code    22  stm32f10x_adc.o(.text)
    ADC_GetSoftwareStartConvStatus           0x08004edd   Thumb Code    20  stm32f10x_adc.o(.text)
    ADC_DiscModeChannelCountConfig           0x08004ef1   Thumb Code    24  stm32f10x_adc.o(.text)
    ADC_DiscModeCmd                          0x08004f09   Thumb Code    22  stm32f10x_adc.o(.text)
    ADC_RegularChannelConfig                 0x08004f1f   Thumb Code   184  stm32f10x_adc.o(.text)
    ADC_ExternalTrigConvCmd                  0x08004fd7   Thumb Code    22  stm32f10x_adc.o(.text)
    ADC_GetConversionValue                   0x08004fed   Thumb Code     8  stm32f10x_adc.o(.text)
    ADC_GetDualModeConversionValue           0x08004ff5   Thumb Code     8  stm32f10x_adc.o(.text)
    ADC_AutoInjectedConvCmd                  0x08004ffd   Thumb Code    22  stm32f10x_adc.o(.text)
    ADC_InjectedDiscModeCmd                  0x08005013   Thumb Code    22  stm32f10x_adc.o(.text)
    ADC_ExternalTrigInjectedConvConfig       0x08005029   Thumb Code    16  stm32f10x_adc.o(.text)
    ADC_ExternalTrigInjectedConvCmd          0x08005039   Thumb Code    22  stm32f10x_adc.o(.text)
    ADC_SoftwareStartInjectedConvCmd         0x0800504f   Thumb Code    22  stm32f10x_adc.o(.text)
    ADC_GetSoftwareStartInjectedConvCmdStatus 0x08005065   Thumb Code    20  stm32f10x_adc.o(.text)
    ADC_InjectedChannelConfig                0x08005079   Thumb Code   130  stm32f10x_adc.o(.text)
    ADC_InjectedSequencerLengthConfig        0x080050fb   Thumb Code    24  stm32f10x_adc.o(.text)
    ADC_SetInjectedOffset                    0x08005113   Thumb Code    20  stm32f10x_adc.o(.text)
    ADC_GetInjectedConversionValue           0x08005127   Thumb Code    28  stm32f10x_adc.o(.text)
    ADC_AnalogWatchdogCmd                    0x08005143   Thumb Code    16  stm32f10x_adc.o(.text)
    ADC_AnalogWatchdogThresholdsConfig       0x08005153   Thumb Code     6  stm32f10x_adc.o(.text)
    ADC_AnalogWatchdogSingleChannelConfig    0x08005159   Thumb Code    16  stm32f10x_adc.o(.text)
    ADC_TempSensorVrefintCmd                 0x08005169   Thumb Code    64  stm32f10x_adc.o(.text)
    ADC_GetFlagStatus                        0x080051a9   Thumb Code    18  stm32f10x_adc.o(.text)
    ADC_ClearFlag                            0x080051bb   Thumb Code     6  stm32f10x_adc.o(.text)
    ADC_GetITStatus                          0x080051c1   Thumb Code    36  stm32f10x_adc.o(.text)
    ADC_ClearITPendingBit                    0x080051e5   Thumb Code    10  stm32f10x_adc.o(.text)
    EXTI_DeInit                              0x080051f1   Thumb Code    28  stm32f10x_exti.o(.text)
    EXTI_Init                                0x0800520d   Thumb Code   142  stm32f10x_exti.o(.text)
    EXTI_StructInit                          0x0800529b   Thumb Code    16  stm32f10x_exti.o(.text)
    EXTI_GenerateSWInterrupt                 0x080052ab   Thumb Code    16  stm32f10x_exti.o(.text)
    EXTI_GetFlagStatus                       0x080052bb   Thumb Code    22  stm32f10x_exti.o(.text)
    EXTI_ClearFlag                           0x080052d1   Thumb Code     8  stm32f10x_exti.o(.text)
    EXTI_GetITStatus                         0x080052d9   Thumb Code    34  stm32f10x_exti.o(.text)
    EXTI_ClearITPendingBit                   0x080052fb   Thumb Code     8  stm32f10x_exti.o(.text)
    RTC_ITConfig                             0x0800530d   Thumb Code    26  stm32f10x_rtc.o(.text)
    RTC_EnterConfigMode                      0x08005327   Thumb Code    18  stm32f10x_rtc.o(.text)
    RTC_ExitConfigMode                       0x08005339   Thumb Code    20  stm32f10x_rtc.o(.text)
    RTC_GetCounter                           0x0800534d   Thumb Code    18  stm32f10x_rtc.o(.text)
    RTC_SetCounter                           0x0800535f   Thumb Code    26  stm32f10x_rtc.o(.text)
    RTC_SetPrescaler                         0x08005379   Thumb Code    28  stm32f10x_rtc.o(.text)
    RTC_SetAlarm                             0x08005395   Thumb Code    26  stm32f10x_rtc.o(.text)
    RTC_GetDivider                           0x080053af   Thumb Code    22  stm32f10x_rtc.o(.text)
    RTC_WaitForLastTask                      0x080053c5   Thumb Code    18  stm32f10x_rtc.o(.text)
    RTC_WaitForSynchro                       0x080053d7   Thumb Code    36  stm32f10x_rtc.o(.text)
    RTC_GetFlagStatus                        0x080053fb   Thumb Code    22  stm32f10x_rtc.o(.text)
    RTC_ClearFlag                            0x08005411   Thumb Code    16  stm32f10x_rtc.o(.text)
    RTC_GetITStatus                          0x08005421   Thumb Code    32  stm32f10x_rtc.o(.text)
    RTC_ClearITPendingBit                    0x08005441   Thumb Code    16  stm32f10x_rtc.o(.text)
    PWR_DeInit                               0x08005455   Thumb Code    22  stm32f10x_pwr.o(.text)
    PWR_BackupAccessCmd                      0x0800546b   Thumb Code     6  stm32f10x_pwr.o(.text)
    PWR_PVDCmd                               0x08005471   Thumb Code     6  stm32f10x_pwr.o(.text)
    PWR_PVDLevelConfig                       0x08005477   Thumb Code    18  stm32f10x_pwr.o(.text)
    PWR_WakeUpPinCmd                         0x08005489   Thumb Code     8  stm32f10x_pwr.o(.text)
    PWR_EnterSTOPMode                        0x08005491   Thumb Code    54  stm32f10x_pwr.o(.text)
    PWR_EnterSTANDBYMode                     0x080054c7   Thumb Code    42  stm32f10x_pwr.o(.text)
    PWR_GetFlagStatus                        0x080054f1   Thumb Code    20  stm32f10x_pwr.o(.text)
    PWR_ClearFlag                            0x08005505   Thumb Code    14  stm32f10x_pwr.o(.text)
    BKP_DeInit                               0x08005521   Thumb Code    16  stm32f10x_bkp.o(.text)
    BKP_TamperPinLevelConfig                 0x08005531   Thumb Code     6  stm32f10x_bkp.o(.text)
    BKP_TamperPinCmd                         0x08005537   Thumb Code     8  stm32f10x_bkp.o(.text)
    BKP_ITConfig                             0x0800553f   Thumb Code     8  stm32f10x_bkp.o(.text)
    BKP_RTCOutputConfig                      0x08005547   Thumb Code    22  stm32f10x_bkp.o(.text)
    BKP_SetRTCCalibrationValue               0x0800555d   Thumb Code    22  stm32f10x_bkp.o(.text)
    BKP_WriteBackupRegister                  0x08005573   Thumb Code    24  stm32f10x_bkp.o(.text)
    BKP_ReadBackupRegister                   0x0800558b   Thumb Code    26  stm32f10x_bkp.o(.text)
    BKP_GetFlagStatus                        0x080055a5   Thumb Code    10  stm32f10x_bkp.o(.text)
    BKP_ClearFlag                            0x080055af   Thumb Code    18  stm32f10x_bkp.o(.text)
    BKP_GetITStatus                          0x080055c1   Thumb Code    10  stm32f10x_bkp.o(.text)
    BKP_ClearITPendingBit                    0x080055cb   Thumb Code    18  stm32f10x_bkp.o(.text)
    __use_no_semihosting                     0x080055e5   Thumb Code     2  use_no_semi_2.o(.text)
    __2printf                                0x080055e9   Thumb Code    20  noretval__2printf.o(.text)
    __printf                                 0x08005601   Thumb Code   104  __printf.o(.text)
    _printf_int_dec                          0x08005669   Thumb Code   100  _printf_dec.o(.text)
    __use_two_region_memory                  0x080056dd   Thumb Code     2  heapauxi.o(.text)
    __rt_heap_escrow$2region                 0x080056df   Thumb Code     2  heapauxi.o(.text)
    __rt_heap_expand$2region                 0x080056e1   Thumb Code     2  heapauxi.o(.text)
    __I$use$semihosting                      0x080056e3   Thumb Code     0  use_no_semi.o(.text)
    __use_no_semihosting_swi                 0x080056e3   Thumb Code     2  use_no_semi.o(.text)
    _printf_int_common                       0x080056e5   Thumb Code   178  _printf_intcommon.o(.text)
    _printf_char_file                        0x08005799   Thumb Code    32  _printf_char_file.o(.text)
    _printf_char_common                      0x080057c7   Thumb Code    32  _printf_char_common.o(.text)
    ferror                                   0x080057ed   Thumb Code     8  ferror.o(.text)
    __user_setup_stackheap                   0x080057f5   Thumb Code    74  sys_stackheap_outer.o(.text)
    exit                                     0x0800583f   Thumb Code    12  exit.o(.text)
    __user_libspace                          0x0800584d   Thumb Code     8  libspace.o(.text)
    __user_perproc_libspace                  0x0800584d   Thumb Code     0  libspace.o(.text)
    __user_perthread_libspace                0x0800584d   Thumb Code     0  libspace.o(.text)
    m_move_length_r                          0x08005854   Data           2  main.o(.constdata)
    m_move_length_l                          0x08005856   Data           2  main.o(.constdata)
    m_move_encoder_num                       0x08005858   Data           2  main.o(.constdata)
    table_week                               0x0800585a   Data          12  rtc.o(.constdata)
    mon_table                                0x08005866   Data          12  rtc.o(.constdata)
    Region$$Table$$Base                      0x08005874   Number         0  anon$$obj.o(Region$$Table)
    Region$$Table$$Limit                     0x08005894   Number         0  anon$$obj.o(Region$$Table)
    ROB_Sub_Status_Union                     0x20000002   Data           2  main.o(.data)
    led_code                                 0x20000007   Data           8  main.o(.data)
    g_charge_led_horse_lamp_cnt              0x20000018   Data           1  main.o(.data)
    g_charge_start_flag                      0x20000019   Data           1  main.o(.data)
    SystemCoreClock                          0x20000024   Data           4  system_stm32f10x.o(.data)
    AHBPrescTable                            0x20000028   Data          16  system_stm32f10x.o(.data)
    RmtSta                                   0x20000038   Data           1  remote.o(.data)
    Dval                                     0x2000003a   Data           2  remote.o(.data)
    RmtRec                                   0x2000003c   Data           4  remote.o(.data)
    RmtCnt                                   0x20000040   Data           1  remote.o(.data)
    RmtRec_Cnt                               0x20000041   Data           1  remote.o(.data)
    EXTI_Rmt_flag                            0x20000042   Data           1  remote.o(.data)
    Rtrn_RmtSta                              0x20000043   Data           1  remote.o(.data)
    Rtrn_Dval                                0x20000044   Data           2  remote.o(.data)
    Rtrn_RmtRec                              0x20000048   Data           4  remote.o(.data)
    Rtrn_RmtCnt                              0x2000004c   Data           1  remote.o(.data)
    Rtrn_RmtRec_Cnt                          0x2000004d   Data           1  remote.o(.data)
    Rtrn_EXTI_Rmt_flag                       0x2000004e   Data           1  remote.o(.data)
    __stdout                                 0x20000058   Data           4  usart.o(.data)
    USART_RX_STA                             0x2000005c   Data           2  usart.o(.data)
    RTC_Calendar                             0x200000aa   Data          10  rtc.o(.bss)
    USART_RX_BUF                             0x200000b4   Data         200  usart.o(.bss)
    __libspace_start                         0x2000017c   Data          96  libspace.o(.bss)
    __temporary_stack_top$libspace           0x200001dc   Data           0  libspace.o(.bss)



==============================================================================

Memory Map of the image

  Image Entry point : 0x08000131

  Load Region LR_IROM1 (Base: 0x08000000, Size: 0x00005908, Max: 0x00040000, ABSOLUTE)

    Execution Region ER_IROM1 (Base: 0x08000000, Size: 0x00005894, Max: 0x00040000, ABSOLUTE)

    Base Addr    Size         Type   Attr      Idx    E Section Name        Object

    0x08000000   0x00000130   Data   RO          396    RESET               startup_stm32f10x_hd.o
    0x08000130   0x00000008   Code   RO          559  * !!!main             c_w.l(__main.o)
    0x08000138   0x00000034   Code   RO          724    !!!scatter          c_w.l(__scatter.o)
    0x0800016c   0x0000001a   Code   RO          726    !!handler_copy      c_w.l(__scatter_copy.o)
    0x08000186   0x00000002   PAD
    0x08000188   0x0000001c   Code   RO          728    !!handler_zi        c_w.l(__scatter_zi.o)
    0x080001a4   0x00000000   Code   RO          556    .ARM.Collect$$_printf_percent$$00000000  c_w.l(_printf_percent.o)
    0x080001a4   0x00000006   Code   RO          555    .ARM.Collect$$_printf_percent$$00000009  c_w.l(_printf_d.o)
    0x080001aa   0x00000004   Code   RO          568    .ARM.Collect$$_printf_percent$$00000017  c_w.l(_printf_percent_end.o)
    0x080001ae   0x00000002   Code   RO          601    .ARM.Collect$$libinit$$00000000  c_w.l(libinit.o)
    0x080001b0   0x00000000   Code   RO          608    .ARM.Collect$$libinit$$00000002  c_w.l(libinit2.o)
    0x080001b0   0x00000000   Code   RO          611    .ARM.Collect$$libinit$$00000008  c_w.l(libinit2.o)
    0x080001b0   0x00000000   Code   RO          613    .ARM.Collect$$libinit$$0000000A  c_w.l(libinit2.o)
    0x080001b0   0x00000000   Code   RO          615    .ARM.Collect$$libinit$$0000000C  c_w.l(libinit2.o)
    0x080001b0   0x00000000   Code   RO          618    .ARM.Collect$$libinit$$0000000F  c_w.l(libinit2.o)
    0x080001b0   0x00000000   Code   RO          620    .ARM.Collect$$libinit$$00000011  c_w.l(libinit2.o)
    0x080001b0   0x00000000   Code   RO          622    .ARM.Collect$$libinit$$00000013  c_w.l(libinit2.o)
    0x080001b0   0x00000000   Code   RO          624    .ARM.Collect$$libinit$$00000015  c_w.l(libinit2.o)
    0x080001b0   0x00000000   Code   RO          626    .ARM.Collect$$libinit$$00000017  c_w.l(libinit2.o)
    0x080001b0   0x00000000   Code   RO          628    .ARM.Collect$$libinit$$00000019  c_w.l(libinit2.o)
    0x080001b0   0x00000000   Code   RO          630    .ARM.Collect$$libinit$$0000001B  c_w.l(libinit2.o)
    0x080001b0   0x00000000   Code   RO          632    .ARM.Collect$$libinit$$0000001D  c_w.l(libinit2.o)
    0x080001b0   0x00000000   Code   RO          634    .ARM.Collect$$libinit$$0000001F  c_w.l(libinit2.o)
    0x080001b0   0x00000000   Code   RO          636    .ARM.Collect$$libinit$$00000021  c_w.l(libinit2.o)
    0x080001b0   0x00000000   Code   RO          638    .ARM.Collect$$libinit$$00000023  c_w.l(libinit2.o)
    0x080001b0   0x00000000   Code   RO          642    .ARM.Collect$$libinit$$0000002A  c_w.l(libinit2.o)
    0x080001b0   0x00000000   Code   RO          644    .ARM.Collect$$libinit$$0000002C  c_w.l(libinit2.o)
    0x080001b0   0x00000000   Code   RO          646    .ARM.Collect$$libinit$$0000002E  c_w.l(libinit2.o)
    0x080001b0   0x00000000   Code   RO          648    .ARM.Collect$$libinit$$00000030  c_w.l(libinit2.o)
    0x080001b0   0x00000002   Code   RO          649    .ARM.Collect$$libinit$$00000031  c_w.l(libinit2.o)
    0x080001b2   0x00000002   Code   RO          667    .ARM.Collect$$libshutdown$$00000000  c_w.l(libshutdown.o)
    0x080001b4   0x00000000   Code   RO          678    .ARM.Collect$$libshutdown$$00000003  c_w.l(libshutdown2.o)
    0x080001b4   0x00000000   Code   RO          681    .ARM.Collect$$libshutdown$$00000006  c_w.l(libshutdown2.o)
    0x080001b4   0x00000000   Code   RO          684    .ARM.Collect$$libshutdown$$00000009  c_w.l(libshutdown2.o)
    0x080001b4   0x00000000   Code   RO          686    .ARM.Collect$$libshutdown$$0000000B  c_w.l(libshutdown2.o)
    0x080001b4   0x00000000   Code   RO          689    .ARM.Collect$$libshutdown$$0000000E  c_w.l(libshutdown2.o)
    0x080001b4   0x00000002   Code   RO          690    .ARM.Collect$$libshutdown$$0000000F  c_w.l(libshutdown2.o)
    0x080001b6   0x00000000   Code   RO          563    .ARM.Collect$$rtentry$$00000000  c_w.l(rtentry.o)
    0x080001b6   0x00000000   Code   RO          570    .ARM.Collect$$rtentry$$00000002  c_w.l(rtentry2.o)
    0x080001b6   0x00000006   Code   RO          582    .ARM.Collect$$rtentry$$00000004  c_w.l(rtentry4.o)
    0x080001bc   0x00000000   Code   RO          572    .ARM.Collect$$rtentry$$00000009  c_w.l(rtentry2.o)
    0x080001bc   0x00000004   Code   RO          573    .ARM.Collect$$rtentry$$0000000A  c_w.l(rtentry2.o)
    0x080001c0   0x00000000   Code   RO          575    .ARM.Collect$$rtentry$$0000000C  c_w.l(rtentry2.o)
    0x080001c0   0x00000008   Code   RO          576    .ARM.Collect$$rtentry$$0000000D  c_w.l(rtentry2.o)
    0x080001c8   0x00000002   Code   RO          605    .ARM.Collect$$rtexit$$00000000  c_w.l(rtexit.o)
    0x080001ca   0x00000000   Code   RO          651    .ARM.Collect$$rtexit$$00000002  c_w.l(rtexit2.o)
    0x080001ca   0x00000004   Code   RO          652    .ARM.Collect$$rtexit$$00000003  c_w.l(rtexit2.o)
    0x080001ce   0x00000006   Code   RO          653    .ARM.Collect$$rtexit$$00000004  c_w.l(rtexit2.o)
    0x080001d4   0x0000146c   Code   RO            1    .text               main.o
    0x08001640   0x0000001a   Code   RO          128    .text               stm32f10x_it.o
    0x0800165a   0x00000002   PAD
    0x0800165c   0x000001e0   Code   RO          157    .text               system_stm32f10x.o
    0x0800183c   0x000003b4   Code   RO          175    .text               sensor.o
    0x08001bf0   0x000004dc   Code   RO          194    .text               motor_move.o
    0x080020cc   0x00000080   Code   RO          206    .text               motor_side.o
    0x0800214c   0x000000e0   Code   RO          218    .text               motor_fan.o
    0x0800222c   0x00000480   Code   RO          230    .text               led.o
    0x080026ac   0x00000428   Code   RO          242    .text               remote.o
    0x08002ad4   0x000000a8   Code   RO          260    .text               key.o
    0x08002b7c   0x00000100   Code   RO          272    .text               voice.o
    0x08002c7c   0x00000080   Code   RO          284    .text               power5v.o
    0x08002cfc   0x00000108   Code   RO          296    .text               charger.o
    0x08002e04   0x00000334   Code   RO          314    .text               rtc.o
    0x08003138   0x000000d4   Code   RO          334    .text               delay.o
    0x0800320c   0x0000000c   Code   RO          348    .text               sys.o
    0x08003218   0x00000148   Code   RO          360    .text               usart.o
    0x08003360   0x00000040   Code   RO          397    .text               startup_stm32f10x_hd.o
    0x080033a0   0x000000dc   Code   RO          401    .text               misc.o
    0x0800347c   0x0000035c   Code   RO          413    .text               stm32f10x_gpio.o
    0x080037d8   0x000003a4   Code   RO          425    .text               stm32f10x_rcc.o
    0x08003b7c   0x00000e1a   Code   RO          439    .text               stm32f10x_tim.o
    0x08004996   0x00000002   PAD
    0x08004998   0x00000408   Code   RO          451    .text               stm32f10x_usart.o
    0x08004da0   0x0000044e   Code   RO          463    .text               stm32f10x_adc.o
    0x080051ee   0x00000002   PAD
    0x080051f0   0x0000011c   Code   RO          475    .text               stm32f10x_exti.o
    0x0800530c   0x00000148   Code   RO          487    .text               stm32f10x_rtc.o
    0x08005454   0x000000cc   Code   RO          499    .text               stm32f10x_pwr.o
    0x08005520   0x000000c4   Code   RO          511    .text               stm32f10x_bkp.o
    0x080055e4   0x00000002   Code   RO          525    .text               c_w.l(use_no_semi_2.o)
    0x080055e6   0x00000002   PAD
    0x080055e8   0x00000018   Code   RO          529    .text               c_w.l(noretval__2printf.o)
    0x08005600   0x00000068   Code   RO          531    .text               c_w.l(__printf.o)
    0x08005668   0x00000074   Code   RO          533    .text               c_w.l(_printf_dec.o)
    0x080056dc   0x00000006   Code   RO          557    .text               c_w.l(heapauxi.o)
    0x080056e2   0x00000002   Code   RO          561    .text               c_w.l(use_no_semi.o)
    0x080056e4   0x000000b2   Code   RO          564    .text               c_w.l(_printf_intcommon.o)
    0x08005796   0x00000002   PAD
    0x08005798   0x00000024   Code   RO          566    .text               c_w.l(_printf_char_file.o)
    0x080057bc   0x00000030   Code   RO          584    .text               c_w.l(_printf_char_common.o)
    0x080057ec   0x00000008   Code   RO          586    .text               c_w.l(ferror.o)
    0x080057f4   0x0000004a   Code   RO          590    .text               c_w.l(sys_stackheap_outer.o)
    0x0800583e   0x0000000c   Code   RO          594    .text               c_w.l(exit.o)
    0x0800584a   0x00000002   PAD
    0x0800584c   0x00000008   Code   RO          602    .text               c_w.l(libspace.o)
    0x08005854   0x00000006   Data   RO            3    .constdata          main.o
    0x0800585a   0x00000018   Data   RO          316    .constdata          rtc.o
    0x08005872   0x00000002   PAD
    0x08005874   0x00000020   Data   RO          722    Region$$Table       anon$$obj.o


    Execution Region RW_IRAM1 (Base: 0x20000000, Size: 0x000007e0, Max: 0x0000c000, ABSOLUTE)

    Base Addr    Size         Type   Attr      Idx    E Section Name        Object

    0x20000000   0x00000024   Data   RW            4    .data               main.o
    0x20000024   0x00000014   Data   RW          158    .data               system_stm32f10x.o
    0x20000038   0x00000017   Data   RW          243    .data               remote.o
    0x2000004f   0x00000001   PAD
    0x20000050   0x00000002   Data   RW          317    .data               rtc.o
    0x20000052   0x00000004   Data   RW          335    .data               delay.o
    0x20000056   0x00000002   PAD
    0x20000058   0x00000006   Data   RW          362    .data               usart.o
    0x2000005e   0x00000014   Data   RW          426    .data               stm32f10x_rcc.o
    0x20000072   0x00000002   PAD
    0x20000074   0x00000036   Zero   RW            2    .bss                main.o
    0x200000aa   0x0000000a   Zero   RW          315    .bss                rtc.o
    0x200000b4   0x000000c8   Zero   RW          361    .bss                usart.o
    0x2000017c   0x00000060   Zero   RW          603    .bss                c_w.l(libspace.o)
    0x200001dc   0x00000004   PAD
    0x200001e0   0x00000200   Zero   RW          395    HEAP                startup_stm32f10x_hd.o
    0x200003e0   0x00000400   Zero   RW          394    STACK               startup_stm32f10x_hd.o


==============================================================================

Image component sizes


      Code (inc. data)   RO Data    RW Data    ZI Data      Debug   Object Name

       264         10          0          0          0       1562   charger.o
         0          0          0          0          0         32   core_cm3.o
       212         18          0          4          0        955   delay.o
       168          6          0          0          0        591   key.o
      1152         48          0          0          0       3220   led.o
      5228        374          6         36         54     272040   main.o
       220         22          0          0          0       1737   misc.o
       224         10          0          0          0       1224   motor_fan.o
      1244        106          0          0          0       4866   motor_move.o
       128         14          0          0          0        713   motor_side.o
       128         16          0          0          0        750   power5v.o
      1064         48          0         23          0       2575   remote.o
       820         28         24          2         10       3293   rtc.o
       948         78          0          0          0       2635   sensor.o
        64         26        304          0       1536        772   startup_stm32f10x_hd.o
      1102         26          0          0          0      10773   stm32f10x_adc.o
       196          8          0          0          0       3400   stm32f10x_bkp.o
       284         10          0          0          0       2171   stm32f10x_exti.o
       860         38          0          0          0       5585   stm32f10x_gpio.o
        26          0          0          0          0       1150   stm32f10x_it.o
       204         14          0          0          0       1887   stm32f10x_pwr.o
       932         36          0         20          0       8728   stm32f10x_rcc.o
       328          4          0          0          0       2638   stm32f10x_rtc.o
      3610         88          0          0          0      22068   stm32f10x_tim.o
      1032         22          0          0          0       8308   stm32f10x_usart.o
        12          0          0          0          0        421   sys.o
       480         38          0         20          0       1647   system_stm32f10x.o
       328         18          0          6        200       3066   usart.o
       256         12          0          0          0        893   voice.o

    ----------------------------------------------------------------------
     21520       1118        368        116       1800     369700   Object Totals
         0          0         32          0          0          0   (incl. Generated)
         6          0          2          5          0          0   (incl. Padding)

    ----------------------------------------------------------------------

      Code (inc. data)   RO Data    RW Data    ZI Data      Debug   Library Member Name

         8          0          0          0          0         68   __main.o
       104          0          0          0          0         84   __printf.o
        52          8          0          0          0          0   __scatter.o
        26          0          0          0          0          0   __scatter_copy.o
        28          0          0          0          0          0   __scatter_zi.o
        48          6          0          0          0         96   _printf_char_common.o
        36          4          0          0          0         80   _printf_char_file.o
         6          0          0          0          0          0   _printf_d.o
       116         16          0          0          0         92   _printf_dec.o
       178          0          0          0          0         88   _printf_intcommon.o
         0          0          0          0          0          0   _printf_percent.o
         4          0          0          0          0          0   _printf_percent_end.o
        12          0          0          0          0         72   exit.o
         8          0          0          0          0         68   ferror.o
         6          0          0          0          0        152   heapauxi.o
         2          0          0          0          0          0   libinit.o
         2          0          0          0          0          0   libinit2.o
         2          0          0          0          0          0   libshutdown.o
         2          0          0          0          0          0   libshutdown2.o
         8          4          0          0         96         68   libspace.o
        24          4          0          0          0         84   noretval__2printf.o
         0          0          0          0          0          0   rtentry.o
        12          0          0          0          0          0   rtentry2.o
         6          0          0          0          0          0   rtentry4.o
         2          0          0          0          0          0   rtexit.o
        10          0          0          0          0          0   rtexit2.o
        74          0          0          0          0         80   sys_stackheap_outer.o
         2          0          0          0          0         68   use_no_semi.o
         2          0          0          0          0         68   use_no_semi_2.o

    ----------------------------------------------------------------------
       788         42          0          0        100       1168   Library Totals
         8          0          0          0          4          0   (incl. Padding)

    ----------------------------------------------------------------------

      Code (inc. data)   RO Data    RW Data    ZI Data      Debug   Library Name

       780         42          0          0         96       1168   c_w.l

    ----------------------------------------------------------------------
       788         42          0          0        100       1168   Library Totals

    ----------------------------------------------------------------------

==============================================================================


      Code (inc. data)   RO Data    RW Data    ZI Data      Debug   

     22308       1160        368        116       1900     367692   Grand Totals
     22308       1160        368        116       1900     367692   ELF Image Totals
     22308       1160        368        116          0          0   ROM Totals

==============================================================================

    Total RO  Size (Code + RO Data)                22676 (  22.14kB)
    Total RW  Size (RW Data + ZI Data)              2016 (   1.97kB)
    Total ROM Size (Code + RO Data + RW Data)      22792 (  22.26kB)

==============================================================================

